=== EXIT CODE ===
0
=== STDOUT ===
[DEBUG resolvePath] Resolving path starting with 'x'
[DEBUG resolvePath] resolve('x') returned 1 syms. First id=19
[DEBUG resolvePath] Resolving path starting with 'x'
[DEBUG resolvePath] resolve('x') returned 1 syms. First id=19
[DEBUG resolvePath] Resolving path starting with 'inner'
[DEBUG resolvePath] resolve('inner') returned 1 syms. First id=21
[DEBUG resolvePath] Resolving path starting with 'outer'
[DEBUG resolvePath] resolve('outer') returned 1 syms. First id=20
[DEBUG resolvePath] Resolving path starting with 'x'
[DEBUG resolvePath] resolve('x') returned 1 syms. First id=19
Solving constraint: int_32 == ?T0
Solving constraint: fn() -> ?T1 == [closure@22]
Solving constraint: fn() -> ?T2 == [closure@24]
Solving constraint: int_32 == int_32
[DEBUG Semantic] Analyzing function: @main
[DEBUG Semantic] Analyzing function: @__LambdaFunc_2233640397664
[DEBUG Semantic] Analyzing function: @__LambdaFunc_2233640393472
; ModuleID = 'D:\fdlang\tests\closure\test_closure_nested.ms'
source_filename = "D:\\fdlang\\tests\\closure\\test_closure_nested.ms"

define i32 @main() {
entry0:
  %"0" = alloca i32, align 4
  %"1" = alloca { ptr, ptr }, align 8
  %"2" = alloca { ptr, ptr }, align 8
  %"5" = alloca { ptr, ptr }, align 8
  store i32 10, ptr %"0", align 4
  %fld = getelementptr inbounds { ptr, ptr }, ptr %"2", i32 0, i32 0
  store ptr @__LambdaFunc_2233640397664, ptr %fld, align 8
  %fld1 = getelementptr inbounds { ptr, ptr }, ptr %"2", i32 0, i32 1
  store ptr %"0", ptr %fld1, align 8
  %"3" = load { ptr, ptr }, ptr %"2", align 8
  store { ptr, ptr } %"3", ptr %"1", align 8
  %"4" = load { ptr, ptr }, ptr %"1", align 8
  store { ptr, ptr } %"4", ptr %"5", align 8
  %fld2 = getelementptr inbounds { ptr, ptr }, ptr %"5", i32 0, i32 0
  %"6" = load ptr, ptr %fld2, align 8
  call void %"6"(ptr %"5")
  %"8" = load i32, ptr %"0", align 4
  ret i32 %"8"
}

define void @__LambdaFunc_2233640397664(ptr %"0") {
entry0:
  %"1" = alloca ptr, align 8
  %"2" = alloca ptr, align 8
  %"4" = alloca { ptr, ptr }, align 8
  %"5" = alloca { ptr, ptr }, align 8
  %"9" = alloca { ptr, ptr }, align 8
  store ptr %"0", ptr %"1", align 8
  %fld = getelementptr inbounds { ptr, ptr }, ptr %"0", i32 0, i32 1
  %"3" = load ptr, ptr %fld, align 8
  store ptr %"3", ptr %"2", align 8
  %fld1 = getelementptr inbounds { ptr, ptr }, ptr %"5", i32 0, i32 0
  store ptr @__LambdaFunc_2233640393472, ptr %fld1, align 8
  %"6" = load ptr, ptr %"2", align 8
  %fld2 = getelementptr inbounds { ptr, ptr }, ptr %"5", i32 0, i32 1
  store ptr %"6", ptr %fld2, align 8
  %"7" = load { ptr, ptr }, ptr %"5", align 8
  store { ptr, ptr } %"7", ptr %"4", align 8
  %"8" = load { ptr, ptr }, ptr %"4", align 8
  store { ptr, ptr } %"8", ptr %"9", align 8
  %fld3 = getelementptr inbounds { ptr, ptr }, ptr %"9", i32 0, i32 0
  %"10" = load ptr, ptr %fld3, align 8
  call void %"10"(ptr %"9")
  ret void
}

define void @__LambdaFunc_2233640393472(ptr %"0") {
entry0:
  %"1" = alloca ptr, align 8
  %"2" = alloca ptr, align 8
  store ptr %"0", ptr %"1", align 8
  %fld = getelementptr inbounds { ptr, ptr }, ptr %"0", i32 0, i32 1
  %"3" = load ptr, ptr %fld, align 8
  store ptr %"3", ptr %"2", align 8
  %"4" = load ptr, ptr %"2", align 8
  %"5" = load i32, ptr %"4", align 4
  %"6" = add i32 %"5", 1
  %"7" = load ptr, ptr %"2", align 8
  store i32 %"6", ptr %"7", align 4
  ret void
}

define linkonce i1 @mellis_coro_is_done(ptr %0) {
entry:
  %1 = call i1 @llvm.coro.done(ptr %0)
  ret i1 %1
}

; Function Attrs: nounwind memory(argmem: readwrite)
declare i1 @llvm.coro.done(ptr nocapture readonly) #0

define linkonce void @mellis_coro_resume(ptr %0) {
entry:
  call void @llvm.coro.resume(ptr %0)
  ret void
}

declare void @llvm.coro.resume(ptr)

attributes #0 = { nounwind memory(argmem: readwrite) }

=== FORCE DUMP LLVM IR ===
=== STDERR ===
[DEBUG SymbolTable] declareSymbol id=0 name='uint_4' kind=12 scope=0
[DEBUG SymbolTable] declareSymbol id=1 name='uint_8' kind=12 scope=0
[DEBUG SymbolTable] declareSymbol id=2 name='uint_16' kind=12 scope=0
[DEBUG SymbolTable] declareSymbol id=3 name='uint_32' kind=12 scope=0
[DEBUG SymbolTable] declareSymbol id=4 name='uint_64' kind=12 scope=0
[DEBUG SymbolTable] declareSymbol id=5 name='uint_128' kind=12 scope=0
[DEBUG SymbolTable] declareSymbol id=6 name='int_4' kind=12 scope=0
[DEBUG SymbolTable] declareSymbol id=7 name='int_8' kind=12 scope=0
[DEBUG SymbolTable] declareSymbol id=8 name='int_16' kind=12 scope=0
[DEBUG SymbolTable] declareSymbol id=9 name='int_32' kind=12 scope=0
[DEBUG SymbolTable] declareSymbol id=10 name='int_64' kind=12 scope=0
[DEBUG SymbolTable] declareSymbol id=11 name='int_128' kind=12 scope=0
[DEBUG SymbolTable] declareSymbol id=12 name='float_32' kind=12 scope=0
[DEBUG SymbolTable] declareSymbol id=13 name='float_64' kind=12 scope=0
[DEBUG SymbolTable] declareSymbol id=14 name='bool' kind=12 scope=0
[DEBUG SymbolTable] declareSymbol id=15 name='char' kind=12 scope=0
[DEBUG SymbolTable] declareSymbol id=16 name='str' kind=12 scope=0
[INSTRUMENT] TypeContext Created
[DEBUG] MacroResolver visiting VarDeclNode
[DEBUG] MacroResolver visiting VarDeclNode
[DEBUG SymbolTable] declareSymbol id=17 name='void' kind=12 scope=0
[DEBUG SymbolTable] declareSymbol id=18 name='main' kind=4 scope=0
[DEBUG] Resolver::resolve: Running pass2.
[DEBUG] Resolving function: main
[DEBUG Resolver NamedTypeNode] Resolved path length for segment[0] 'int_32': i=1, currentSym=9
[DEBUG SymbolTable] declareSymbol id=19 name='x' kind=0 scope=2
[DEBUG SymbolTable] declareSymbol id=20 name='outer' kind=0 scope=2
[DEBUG Resolver NamedTypeNode] Resolved path length for segment[0] 'void': i=1, currentSym=17
[DEBUG SymbolTable] declareSymbol id=21 name='inner' kind=0 scope=4
[DEBUG Resolver NamedTypeNode] Resolved path length for segment[0] 'void': i=1, currentSym=17
[DEBUG] Resolving identifier: x
[DEBUG] Finished resolvePath for x
[DEBUG] Resolving identifier: x
[DEBUG] Finished resolvePath for x
[DEBUG] Resolving identifier: inner
[DEBUG] Finished resolvePath for inner
[DEBUG] Resolving identifier: outer
[DEBUG] Finished resolvePath for outer
[DEBUG] Resolving identifier: x
[DEBUG] Finished resolvePath for x
[DEBUG] Resolver finished!
[DEBUG] Creating TypeChecker...
[DEBUG] Creating MonomorphizationEngine...
[DEBUG] Attaching MLibMetadataCache...
[DEBUG] Calling TypeChecker::check...
[DEBUG] injectedGenerics size=0
[DEBUG] TypePrePass visiting ProgramNode with 1 items
[DEBUG] item kind: class fl::FunctionDeclNode
[DEBUG] TypePrePass::visit(FunctionDeclNode) name='main' symbolId=18
[DEBUG] evaluateTypeNode called on class fl::NamedTypeNode
[DEBUG] NamedTypeNode segment[0]: 'int_32' symbolId=9
[DEBUG] Starting ConstraintGenerator
[DEBUG] CG visiting ProgramNode
[DEBUG] CG visiting item: class fl::FunctionDeclNode
[DEBUG] ConstraintGen::visit(IdentifierPatternNode) symId=19 expectedType=000002080F57A4F0
[DEBUG] evaluateTypeNode called on class fl::NamedTypeNode
[DEBUG] NamedTypeNode segment[0]: 'void' symbolId=17
[DEBUG] evaluateTypeNode called on class fl::NamedTypeNode
[DEBUG] NamedTypeNode segment[0]: 'void' symbolId=17
[DEBUG] ConstraintGen::visit(IdentifierExpr) symId=4294967295 overloads=1
[DEBUG] ConstraintGen::visit(IdentifierExpr) overload[0]=19 name=x tableSize=22
[DEBUG] ConstraintGen::visit(IdentifierExpr) baseType ptr=000002080F57A4F0 kind=0
[DEBUG] ConstraintGen::visit(IdentifierExpr) cast1
[DEBUG] ConstraintGen::visit(IdentifierExpr) before if (enumTy)
[DEBUG] ConstraintGen::visit(IdentifierExpr) inside else
[DEBUG] ConstraintGen::visit(IdentifierExpr) got sym
[DEBUG] ConstraintGen::visit(IdentifierExpr) assigning inferredType
[DEBUG] ConstraintGen::visit(IdentifierExpr) FINISHED for symId=4294967295
[DEBUG] ConstraintGen::visit(IdentifierExpr) symId=4294967295 overloads=1
[DEBUG] ConstraintGen::visit(IdentifierExpr) overload[0]=19 name=x tableSize=22
[DEBUG] ConstraintGen::visit(IdentifierExpr) baseType ptr=000002080F57A4F0 kind=0
[DEBUG] ConstraintGen::visit(IdentifierExpr) cast1
[DEBUG] ConstraintGen::visit(IdentifierExpr) before if (enumTy)
[DEBUG] ConstraintGen::visit(IdentifierExpr) inside else
[DEBUG] ConstraintGen::visit(IdentifierExpr) got sym
[DEBUG] ConstraintGen::visit(IdentifierExpr) assigning inferredType
[DEBUG] ConstraintGen::visit(IdentifierExpr) FINISHED for symId=4294967295
[DEBUG SymbolTable] declareSymbol id=22 name='__Closure_2233640393472' kind=5 scope=0
[DEBUG SymbolTable] declareSymbol id=23 name='__LambdaFunc_2233640393472' kind=4 scope=0
[DEBUG] ConstraintGen::visit(IdentifierPatternNode) symId=21 expectedType=000002080F5A58A0
[DEBUG] ConstraintGen::visit(CallExpr)
[DEBUG] ConstraintGen::visit(CallExpr) callee is NOT NULL. Type=class fl::IdentifierExpr
[DEBUG] ConstraintGen::visit(IdentifierExpr) symId=4294967295 overloads=1
[DEBUG] ConstraintGen::visit(IdentifierExpr) overload[0]=21 name=inner tableSize=22
[DEBUG] ConstraintGen::visit(IdentifierExpr) baseType ptr=000002080F5A58A0 kind=17
[DEBUG] ConstraintGen::visit(IdentifierExpr) cast1
[DEBUG] ConstraintGen::visit(IdentifierExpr) before if (enumTy)
[DEBUG] ConstraintGen::visit(IdentifierExpr) inside else
[DEBUG] ConstraintGen::visit(IdentifierExpr) got sym
[DEBUG] ConstraintGen::visit(IdentifierExpr) assigning inferredType
[DEBUG] ConstraintGen::visit(IdentifierExpr) FINISHED for symId=4294967295
[DEBUG] ConstraintGen::visit(CallExpr) callee accepted
[DEBUG SymbolTable] declareSymbol id=24 name='__Closure_2233640397664' kind=5 scope=0
[DEBUG SymbolTable] declareSymbol id=25 name='__LambdaFunc_2233640397664' kind=4 scope=0
[DEBUG] ConstraintGen::visit(IdentifierPatternNode) symId=20 expectedType=000002080F5A4DB0
[DEBUG] ConstraintGen::visit(CallExpr)
[DEBUG] ConstraintGen::visit(CallExpr) callee is NOT NULL. Type=class fl::IdentifierExpr
[DEBUG] ConstraintGen::visit(IdentifierExpr) symId=4294967295 overloads=1
[DEBUG] ConstraintGen::visit(IdentifierExpr) overload[0]=20 name=outer tableSize=22
[DEBUG] ConstraintGen::visit(IdentifierExpr) baseType ptr=000002080F5A4DB0 kind=17
[DEBUG] ConstraintGen::visit(IdentifierExpr) cast1
[DEBUG] ConstraintGen::visit(IdentifierExpr) before if (enumTy)
[DEBUG] ConstraintGen::visit(IdentifierExpr) inside else
[DEBUG] ConstraintGen::visit(IdentifierExpr) got sym
[DEBUG] ConstraintGen::visit(IdentifierExpr) assigning inferredType
[DEBUG] ConstraintGen::visit(IdentifierExpr) FINISHED for symId=4294967295
[DEBUG] ConstraintGen::visit(CallExpr) callee accepted
[DEBUG] ConstraintGen::visit(IdentifierExpr) symId=4294967295 overloads=1
[DEBUG] ConstraintGen::visit(IdentifierExpr) overload[0]=19 name=x tableSize=22
[DEBUG] ConstraintGen::visit(IdentifierExpr) baseType ptr=000002080F57A4F0 kind=0
[DEBUG] ConstraintGen::visit(IdentifierExpr) cast1
[DEBUG] ConstraintGen::visit(IdentifierExpr) before if (enumTy)
[DEBUG] ConstraintGen::visit(IdentifierExpr) inside else
[DEBUG] ConstraintGen::visit(IdentifierExpr) got sym
[DEBUG] ConstraintGen::visit(IdentifierExpr) assigning inferredType
[DEBUG] ConstraintGen::visit(IdentifierExpr) FINISHED for symId=4294967295
[DEBUG] Starting UnificationEngine
[DEBUG] Starting TypeResolver
[DEBUG] CG visiting ProgramNode
[DEBUG] CG visiting item: class fl::FunctionDeclNode
[PHASE] TypeChecker done, tcOk=1
[PHASE] Injecting specialized ASTs...
[PHASE] Specialized ASTs injected
[PHASE] ComptimeEval done, ok=1
[PHASE] MatchAnalyzer done, ok=1
[PHASE] MVIRGenerator starting
[DEBUG MVIRGenerator] visiting item[0] typeid=class fl::FunctionDeclNode
[DEBUG] VarDeclNode type kind: 0
[DEBUG pushLocalInst] Inserting LocalInst for %0 into entry block entry0
[DEBUG] VarDeclNode type kind: 17
[DEBUG] VarDeclNode is NOT Heap!
[DEBUG pushLocalInst] Inserting LocalInst for %1 into entry block entry0
[DEBUG pushLocalInst] Inserting LocalInst for %1 into entry block entry0
[DEBUG pushLocalInst] Inserting LocalInst for %2 into entry block entry0
[DEBUG] VarDeclNode type kind: 17
[DEBUG] VarDeclNode is NOT Heap!
[DEBUG pushLocalInst] Inserting LocalInst for %4 into entry block entry0
[DEBUG pushLocalInst] Inserting LocalInst for %1 into entry block entry0
[DEBUG pushLocalInst] Inserting LocalInst for %2 into entry block entry0
[DEBUG MVIRGenerator] ClosureExpr block needs terminator! emitting drops for size=1
[DEBUG pushLocalInst] Inserting LocalInst for %5 into entry block entry0
[DEBUG pushLocalInst] Inserting LocalInst for %9 into entry block entry0
[DEBUG MVIRGenerator] ClosureExpr block needs terminator! emitting drops for size=1
[DEBUG pushLocalInst] Inserting LocalInst for %2 into entry block entry0
[DEBUG pushLocalInst] Inserting LocalInst for %5 into entry block entry0
[DEBUG] MVIRGenerator: visiting ReturnStmtNode for function @main
[DEBUG] MVIRGenerator: returning operand %8
[DEBUG MVIRGenerator] done item[0]
[PHASE] MVIRGenerator done
[DEBUG MoveAnalyzer] %5 is marked MOVED in CallInst!
[DEBUG MoveAnalyzer] %9 is marked MOVED in CallInst!
[DEBUG MoveAnalyzer] %5 is marked MOVED in CallInst!
[DEBUG MoveAnalyzer] %5 is marked MOVED in CallInst!
[DEBUG MoveAnalyzer] %9 is marked MOVED in CallInst!
[DEBUG MoveAnalyzer] %9 is marked MOVED in CallInst!
[DEBUG LLVMIRGenerator] emitting instruction type: struct fl::mvir::LocalInst
[DEBUG LLVMIRGenerator] emitting instruction type: struct fl::mvir::LocalInst
[DEBUG LLVMIRGenerator] emitting instruction type: struct fl::mvir::LocalInst
[DEBUG LLVMIRGenerator] emitting instruction type: struct fl::mvir::LocalInst
[DEBUG LLVMIRGenerator] emitting instruction type: struct fl::mvir::StoreInst
[DEBUG LLVMIRGenerator] emitting instruction type: struct fl::mvir::StoreInst
[DEBUG LLVMIRGenerator] emitting instruction type: struct fl::mvir::StoreInst
[DEBUG LLVMIRGenerator] emitting instruction type: struct fl::mvir::LoadInst
[DEBUG] Added LoadInst dest to localValues: %3 (type: 16)
[DEBUG LLVMIRGenerator] emitting instruction type: struct fl::mvir::StoreInst
[DEBUG LLVMIRGenerator] emitting instruction type: struct fl::mvir::LoadInst
[DEBUG] Added LoadInst dest to localValues: %4 (type: 16)
[DEBUG LLVMIRGenerator] emitting instruction type: struct fl::mvir::StoreInst
[DEBUG LLVMIRGenerator] emitting instruction type: struct fl::mvir::LoadInst
[DEBUG] Added LoadInst dest to localValues: %6 (type: 15)
[DEBUG LLVMIRGenerator] emitting instruction type: struct fl::mvir::CallInst
[DEBUG LLVMIRGenerator] emitting instruction type: struct fl::mvir::LoadInst
[DEBUG] Added LoadInst dest to localValues: %8 (type: 13)
[DEBUG LLVMIRGenerator] emitting instruction type: struct fl::mvir::LocalInst
[DEBUG LLVMIRGenerator] emitting instruction type: struct fl::mvir::LocalInst
[DEBUG LLVMIRGenerator] emitting instruction type: struct fl::mvir::LocalInst
[DEBUG LLVMIRGenerator] emitting instruction type: struct fl::mvir::LocalInst
[DEBUG LLVMIRGenerator] emitting instruction type: struct fl::mvir::LocalInst
[DEBUG LLVMIRGenerator] emitting instruction type: struct fl::mvir::StoreInst
[DEBUG LLVMIRGenerator] emitting instruction type: struct fl::mvir::LoadInst
[DEBUG] Added LoadInst dest to localValues: %3 (type: 15)
[DEBUG LLVMIRGenerator] emitting instruction type: struct fl::mvir::StoreInst
[DEBUG LLVMIRGenerator] emitting instruction type: struct fl::mvir::StoreInst
[DEBUG LLVMIRGenerator] emitting instruction type: struct fl::mvir::LoadInst
[DEBUG] Added LoadInst dest to localValues: %6 (type: 15)
[DEBUG LLVMIRGenerator] emitting instruction type: struct fl::mvir::StoreInst
[DEBUG LLVMIRGenerator] emitting instruction type: struct fl::mvir::LoadInst
[DEBUG] Added LoadInst dest to localValues: %7 (type: 16)
[DEBUG LLVMIRGenerator] emitting instruction type: struct fl::mvir::StoreInst
[DEBUG LLVMIRGenerator] emitting instruction type: struct fl::mvir::LoadInst
[DEBUG] Added LoadInst dest to localValues: %8 (type: 16)
[DEBUG LLVMIRGenerator] emitting instruction type: struct fl::mvir::StoreInst
[DEBUG LLVMIRGenerator] emitting instruction type: struct fl::mvir::LoadInst
[DEBUG] Added LoadInst dest to localValues: %10 (type: 15)
[DEBUG LLVMIRGenerator] emitting instruction type: struct fl::mvir::CallInst
[DEBUG LLVMIRGenerator] emitting instruction type: struct fl::mvir::DropInst
[DEBUG LLVMIRGenerator] emitting instruction type: struct fl::mvir::DropInst
[DEBUG LLVMIRGenerator] emitting instruction type: struct fl::mvir::LocalInst
[DEBUG LLVMIRGenerator] emitting instruction type: struct fl::mvir::LocalInst
[DEBUG LLVMIRGenerator] emitting instruction type: struct fl::mvir::StoreInst
[DEBUG LLVMIRGenerator] emitting instruction type: struct fl::mvir::LoadInst
[DEBUG] Added LoadInst dest to localValues: %3 (type: 15)
[DEBUG LLVMIRGenerator] emitting instruction type: struct fl::mvir::StoreInst
[DEBUG LLVMIRGenerator] emitting instruction type: struct fl::mvir::LoadInst
[DEBUG] Added LoadInst dest to localValues: %4 (type: 15)
[DEBUG LLVMIRGenerator] emitting instruction type: struct fl::mvir::LoadInst
[DEBUG] Added LoadInst dest to localValues: %5 (type: 13)
[DEBUG LLVMIRGenerator] emitting instruction type: struct fl::mvir::AluInst
[DEBUG LLVMIRGenerator] emitting instruction type: struct fl::mvir::LoadInst
[DEBUG] Added LoadInst dest to localValues: %7 (type: 15)
[DEBUG LLVMIRGenerator] emitting instruction type: struct fl::mvir::StoreInst
[DEBUG LLVMIRGenerator] emitting instruction type: struct fl::mvir::DropInst
[INSTRUMENT] TypeContext Destroyed
[INSTRUMENT] SourceManager Destroyed
