warning: virtual workspace defaulting to `resolver = "1"` despite one or more workspace members being on edition 2024 which implies `resolver = "3"`
  |
  = note: to keep the current resolver, specify `workspace.resolver = "1"` in the workspace root's manifest
  = note: to use the edition 2024 resolver, specify `workspace.resolver = "3"` in the workspace root's manifest
  = note: for more details see https://doc.rust-lang.org/cargo/reference/resolver.html#resolver-versions
warning: unused imports: `DeclId`, `ExprId`, `PatId`, `StmtId`, and `TypeId`
 --> crates\luna-parser\src\lib.rs:1:26
  |
1 | use luna_ast::{AstArena, DeclId, ExprId, PatId, StmtId, TypeId};
  |                          ^^^^^^  ^^^^^^  ^^^^^  ^^^^^^  ^^^^^^
  |
  = note: `#[warn(unused_imports)]` (part of `#[warn(unused)]`) on by default

warning: unused import: `BuiltinKind`
 --> crates\luna-parser\src\ty.rs:3:18
  |
3 | use luna_lexer::{BuiltinKind, TokenKind};
  |                  ^^^^^^^^^^^

warning: unused variable: `span_start`
   --> crates\luna-parser\src\decl.rs:126:13
    |
126 |         let span_start = self.previous().span.start;
    |             ^^^^^^^^^^ help: if this is intentional, prefix it with an underscore: `_span_start`
    |
    = note: `#[warn(unused_variables)]` (part of `#[warn(unused)]`) on by default

warning: unused variable: `span_end`
   --> crates\luna-parser\src\decl.rs:156:13
    |
156 |         let span_end = self.previous().span.end;
    |             ^^^^^^^^ help: if this is intentional, prefix it with an underscore: `_span_end`

warning: value assigned to `kind` is never read
   --> crates\luna-parser\src\decl.rs:127:24
    |
127 |         let mut kind = luna_ast::ImportKind::External;
    |                        ^^^^^^^^^^^^^^^^^^^^^^^^^^^^^^ this value is reassigned later and never used
...
147 |             kind = luna_ast::ImportKind::Local;
    |             ---------------------------------- `kind` is overwritten here before the previous value is read
    |
    = note: `#[warn(unused_assignments)]` (part of `#[warn(unused)]`) on by default

warning: unused variable: `start_span`
   --> crates\luna-parser\src\decl.rs:843:21
    |
843 |                 let start_span = self.advance().span;
    |                     ^^^^^^^^^^ help: if this is intentional, prefix it with an underscore: `_start_span`

warning: unused variable: `rparen_tok`
   --> crates\luna-parser\src\decl.rs:848:21
    |
848 |                 let rparen_tok = self.consume(TokenKind::RParen, "Expected closing ')' after macro repetition")?;
    |                     ^^^^^^^^^^ help: if this is intentional, prefix it with an underscore: `_rparen_tok`

warning: unused variable: `start_span`
   --> crates\luna-parser\src\decl.rs:961:21
    |
961 |                 let start_span = self.advance().span;
    |                     ^^^^^^^^^^ help: if this is intentional, prefix it with an underscore: `_start_span`

warning: unused variable: `rparen_tok`
   --> crates\luna-parser\src\decl.rs:966:21
    |
966 |                 let rparen_tok = self.consume(TokenKind::RParen, "Expected closing ')' after macro repetition")?;
    |                     ^^^^^^^^^^ help: if this is intentional, prefix it with an underscore: `_rparen_tok`

warning: unused variable: `allow_struct_literal`
   --> crates\luna-parser\src\expr.rs:755:33
    |
755 |     fn parse_primary(&mut self, allow_struct_literal: bool) -> Result<ExprId, ()> {
    |                                 ^^^^^^^^^^^^^^^^^^^^ help: if this is intentional, prefix it with an underscore: `_allow_struct_literal`

warning: `luna-parser` (lib) generated 10 warnings (run `cargo fix --lib -p luna-parser` to apply 9 suggestions)
warning: unused imports: `MacroFragment`, `MacroMatcher`, and `RepetitionKind`
 --> crates\luna-semantic\src\macro_engine.rs:3:79
  |
3 |     AstArena, Decl, DeclId, Expr, ExprId, FragmentKind, Item, MacroDelimiter, MacroFragment,
  |                                                                               ^^^^^^^^^^^^^
4 |     MacroMatcher, MacroRule, MatcherElement, RepetitionKind, Stmt, StmtId, TranscriberElement,
  |     ^^^^^^^^^^^^                             ^^^^^^^^^^^^^^
  |
  = note: `#[warn(unused_imports)]` (part of `#[warn(unused)]`) on by default

warning: unused import: `SymbolId`
 --> crates\luna-semantic\src\macro_engine.rs:8:38
  |
8 | use luna_common::ids::{FileId, Span, SymbolId, SyntaxContext};
  |                                      ^^^^^^^^

warning: unused import: `std::sync::Arc`
  --> crates\luna-semantic\src\annotation.rs:14:5
   |
14 | use std::sync::Arc;
   |     ^^^^^^^^^^^^^^

warning: unused import: `DeriveInput`
  --> crates\luna-semantic\src\annotation.rs:19:21
   |
19 | use crate::derive::{DeriveInput, DeriveRegistry, DeriveContext, extract_struct_input, extract_enum_input};
   |                     ^^^^^^^^^^^

warning: unused import: `std::collections::HashMap`
  --> crates\luna-semantic\src\comptime\type_repr.rs:16:5
   |
16 | use std::collections::HashMap;
   |     ^^^^^^^^^^^^^^^^^^^^^^^^^

warning: unused import: `std::fmt`
  --> crates\luna-semantic\src\comptime\type_repr.rs:17:5
   |
17 | use std::fmt;
   |     ^^^^^^^^

warning: unused import: `luna_common::ids::SymbolId`
 --> crates\luna-semantic\src\effect.rs:2:5
  |
2 | use luna_common::ids::SymbolId;
  |     ^^^^^^^^^^^^^^^^^^^^^^^^^^

warning: unused import: `crate::ty::LifetimeId`
  --> crates\luna-semantic\src\lifetime.rs:34:5
   |
34 | use crate::ty::LifetimeId;
   |     ^^^^^^^^^^^^^^^^^^^^^

warning: unused import: `crate::symbol::SymbolTable`
  --> crates\luna-semantic\src\lifetime.rs:36:5
   |
36 | use crate::symbol::SymbolTable;
   |     ^^^^^^^^^^^^^^^^^^^^^^^^^^

warning: unused import: `luna_ast::AstArena`
  --> crates\luna-semantic\src\lib.rs:54:5
   |
54 | use luna_ast::AstArena;
   |     ^^^^^^^^^^^^^^^^^^

warning: unused import: `Hasher`
  --> crates\luna-semantic\src\comptime\type_repr.rs:18:23
   |
18 | use std::hash::{Hash, Hasher};
   |                       ^^^^^^

warning: unused variable: `return_type`
    --> crates\luna-semantic\src\resolver.rs:1913:17
     |
1913 |                 return_type,
     |                 ^^^^^^^^^^^ help: try ignoring the field: `return_type: _`
     |
     = note: `#[warn(unused_variables)]` (part of `#[warn(unused)]`) on by default

warning: unused variable: `ty`
    --> crates\luna-semantic\src\resolver.rs:1937:25
     |
1937 |                         ty,
     |                         ^^ help: try ignoring the field: `ty: _`

warning: unused variable: `generic_args`
   --> crates\luna-semantic\src\typechecker.rs:567:27
    |
567 |         let (nominal_sym, generic_args) = match &sem_ty {
    |                           ^^^^^^^^^^^^ help: if this is intentional, prefix it with an underscore: `_generic_args`

warning: value assigned to `span` is never read
    --> crates\luna-semantic\src\typechecker.rs:1092:40
     |
1092 |                         let mut span = luna_common::Span::new(luna_common::ids::FileId(0), 0, 0);
     |                                        ^^^^^^^^^^^^^^^^^^^^^^^^^^^^^^^^^^^^^^^^^^^^^^^^^^^^^^^^^ this value is reassigned later and never used
1093 |                         let sym = self.ctx.symbol_table.get_symbol(sym_id);
1094 |                         span = sym.span;
     |                         --------------- `span` is overwritten here before the previous value is read
     |
     = note: `#[warn(unused_assignments)]` (part of `#[warn(unused)]`) on by default

warning: unused variable: `trait_name`
    --> crates\luna-semantic\src\typechecker.rs:1271:49
     |
1271 | ...                   let trait_name = self.get_span_text(*last_seg);
     |                           ^^^^^^^^^^ help: if this is intentional, prefix it with an underscore: `_trait_name`

warning: unused variable: `trait_name`
    --> crates\luna-semantic\src\typechecker.rs:1315:49
     |
1315 | ...                   let trait_name = self.get_span_text(*last_seg);
     |                           ^^^^^^^^^^ help: if this is intentional, prefix it with an underscore: `_trait_name`

warning: unused variable: `trait_name`
    --> crates\luna-semantic\src\typechecker.rs:1357:57
     |
1357 | ...                   let trait_name = self.get_span_text(*last_seg);
     |                           ^^^^^^^^^^ help: if this is intentional, prefix it with an underscore: `_trait_name`

warning: unused variable: `generic_params`
    --> crates\luna-semantic\src\typechecker.rs:1998:34
     |
1998 |                     Decl::Impl { generic_params, self_type, methods, .. } => {
     |                                  ^^^^^^^^^^^^^^ help: try ignoring the field: `generic_params: _`

warning: unused variable: `associated_types`
    --> crates\luna-semantic\src\typechecker.rs:2165:69
     |
2165 |                 if let Decl::Impl { trait_type, self_type, methods, associated_types, .. } = decl {
     |                                                                     ^^^^^^^^^^^^^^^^ help: try ignoring the field: `associated_types: _`

warning: unused variable: `in2`
    --> crates\luna-semantic\src\typechecker.rs:3969:50
     |
3969 |             (SemanticType::Reference(_, _, in1), in2) => {
     |                                                  ^^^ help: if this is intentional, prefix it with an underscore: `_in2`

warning: unused variable: `in1`
    --> crates\luna-semantic\src\typechecker.rs:3972:14
     |
3972 |             (in1, SemanticType::Reference(_, _, in2)) => {
     |              ^^^ help: if this is intentional, prefix it with an underscore: `_in1`

warning: variable does not need to be mutable
    --> crates\luna-semantic\src\typechecker.rs:5909:21
     |
5909 |                 let mut result_ty = self.ctx.types.new_inference_var();
     |                     ----^^^^^^^^^
     |                     |
     |                     help: remove this `mut`
     |
     = note: `#[warn(unused_mut)]` (part of `#[warn(unused)]`) on by default

warning: unused variable: `i`
    --> crates\luna-semantic\src\typechecker.rs:5915:22
     |
5915 |                 for (i, arm) in arms.iter().enumerate() {
     |                      ^ help: if this is intentional, prefix it with an underscore: `_i`

warning: value assigned to `has_enum_generics` is never read
    --> crates\luna-semantic\src\typechecker.rs:4461:57
     |
4461 | ...                   let mut has_enum_generics = false;
     |                                                   ^^^^^ this value is reassigned later and never used
...
4464 | ...                   has_enum_generics = !enum_args.is_empty();
     |                       ----------------------------------------- `has_enum_generics` is overwritten here before the previous value is read

warning: unused variable: `sym_id`
   --> crates\luna-semantic\src\mono.rs:697:18
    |
697 |             for (sym_id, ty) in current_symbol_types.iter_mut() {
    |                  ^^^^^^ help: if this is intentional, prefix it with an underscore: `_sym_id`

warning: unused variable: `pat_id`
   --> crates\luna-semantic\src\mono.rs:712:18
    |
712 |             for (pat_id, ty) in current_pat_types.iter_mut() {
    |                  ^^^^^^ help: if this is intentional, prefix it with an underscore: `_pat_id`

warning: unused variable: `generic_args`
   --> crates\luna-semantic\src\mono.rs:746:27
    |
746 |         let (nominal_sym, generic_args) = match &sem_ty {
    |                           ^^^^^^^^^^^^ help: if this is intentional, prefix it with an underscore: `_generic_args`

warning: unused variable: `sym_name`
    --> crates\luna-semantic\src\mono.rs:1617:25
     |
1617 |                     let sym_name = symbol.name.clone();
     |                         ^^^^^^^^ help: if this is intentional, prefix it with an underscore: `_sym_name`

warning: unused variable: `inner`
    --> crates\luna-semantic\src\macro_engine.rs:1132:60
     |
1132 |                 TranscriberElement::Repetition { elements: inner, .. } => {
     |                                                            ^^^^^ help: if this is intentional, prefix it with an underscore: `_inner`

warning: unused variable: `sym_id`
  --> crates\luna-semantic\src\comptime\reflect.rs:33:34
   |
33 |             SemanticType::Struct(sym_id, _, _) => {
   |                                  ^^^^^^ help: if this is intentional, prefix it with an underscore: `_sym_id`

warning: unused variable: `name`
   --> crates\luna-semantic\src\lifetime.rs:227:41
    |
227 |     pub fn register_lifetime(&mut self, name: &str, ident: LifetimeIdent) {
    |                                         ^^^^ help: if this is intentional, prefix it with an underscore: `_name`

warning: unused variable: `assignment`
   --> crates\luna-semantic\src\lifetime.rs:670:26
    |
670 |         SolveResult::Sat(assignment) => {
    |                          ^^^^^^^^^^ help: if this is intentional, prefix it with an underscore: `_assignment`

warning: unused variable: `ty`
   --> crates\luna-semantic\src\lib.rs:122:13
    |
122 |         let ty = self.types.get(id);
    |             ^^ help: if this is intentional, prefix it with an underscore: `_ty`

warning: method `resolve_type` is never used
    --> crates\luna-semantic\src\typechecker.rs:3945:8
     |
  35 | impl<'a> TypeChecker<'a> {
     | ------------------------ method in this implementation
...
3945 |     fn resolve_type(&mut self, ty_id: luna_ast::TypeId) -> SemanticTypeId {
     |        ^^^^^^^^^^^^
     |
     = note: `#[warn(dead_code)]` (part of `#[warn(unused)]`) on by default

warning: field `types` is never read
   --> crates\luna-semantic\src\lifetime.rs:515:5
    |
511 | pub struct LifetimeValidator<'a> {
    |            ----------------- field in this struct
...
515 |     types: &'a crate::ty::TypeContext,
    |     ^^^^^

warning: field `ctx` is never read
   --> crates\luna-semantic\src\lifetime.rs:753:5
    |
752 | pub struct LifetimeVerifier<'a> {
    |            ---------------- field in this struct
753 |     ctx: &'a SemanticContext,
    |     ^^^

warning: `luna-semantic` (lib) generated 37 warnings (run `cargo fix --lib -p luna-semantic` to apply 31 suggestions)
warning: unused import: `Span`
 --> crates\luna-mvir\src\interp.rs:2:34
  |
2 | use luna_common::ids::{SymbolId, Span};
  |                                  ^^^^
  |
  = note: `#[warn(unused_imports)]` (part of `#[warn(unused)]`) on by default

warning: unused import: `effect::Effect`
 --> crates\luna-mvir\src\interp.rs:6:5
  |
6 |     effect::Effect,
  |     ^^^^^^^^^^^^^^

warning: unreachable pattern
    --> crates\luna-mvir\src\generator.rs:1958:13
     |
1958 |             _ => unreachable!("ICE: Unhandled variant, should be impossible after semantic invariants")
     |             ^ no value can reach this
     |
note: multiple earlier patterns match some of the same values
    --> crates\luna-mvir\src\generator.rs:1958:13
     |
1533 |             Stmt::Expr { expr, .. } => {
     |             ----------------------- matches some of the same values
...
1536 |             Stmt::Block { body, tail_expr } => {
     |             ------------------------------- matches some of the same values
...
1546 |             Stmt::Return { value } => {
     |             ---------------------- matches some of the same values
...
1604 |             Stmt::While { condition, body, .. } => {
     |             ----------------------------------- matches some of the same values
...
1958 |             _ => unreachable!("ICE: Unhandled variant, should be impossible after semantic invariants")
     |             ^ ...and 6 other patterns collectively make this unreachable
     = note: `#[warn(unreachable_patterns)]` (part of `#[warn(unused)]`) on by default

warning: unused variable: `val_id`
    --> crates\luna-mvir\src\generator.rs:2368:34
     |
2368 |                     if let Some(&val_id) = self.locals.get(&sym_id) {
     |                                  ^^^^^^ help: if this is intentional, prefix it with an underscore: `_val_id`
     |
     = note: `#[warn(unused_variables)]` (part of `#[warn(unused)]`) on by default

warning: unreachable pattern
    --> crates\luna-mvir\src\generator.rs:3471:13
     |
3471 |             _ => Operand::Boolean(false),
     |             ^ no value can reach this
     |
note: multiple earlier patterns match some of the same values
    --> crates\luna-mvir\src\generator.rs:3471:13
     |
3326 |             Pattern::Wildcard => Operand::Boolean(true),
     |             ----------------- matches some of the same values
3327 |             Pattern::Identifier { .. } => {
     |             -------------------------- matches some of the same values
...
3347 |             Pattern::Enum { fields, .. } => {
     |             ---------------------------- matches some of the same values
...
3389 |             Pattern::Literal(token) => {
     |             ----------------------- matches some of the same values
...
3471 |             _ => Operand::Boolean(false),
     |             ^ ...and 2 other patterns collectively make this unreachable

warning: `luna-mvir` (lib) generated 5 warnings (run `cargo fix --lib -p luna-mvir` to apply 3 suggestions)
warning: unused import: `Fingerprint`
 --> crates\luna-llib\src\metadata.rs:5:43
  |
5 | use crate::format::{InterfaceFingerprint, Fingerprint};
  |                                           ^^^^^^^^^^^
  |
  = note: `#[warn(unused_imports)]` (part of `#[warn(unused)]`) on by default

warning: unused import: `Cursor`
 --> crates\luna-llib\src\writer.rs:1:22
  |
1 | use std::io::{Write, Cursor};
  |                      ^^^^^^

warning: unused imports: `BasicBlock`, `CaptureInfo`, and `ValueData`
 --> crates\luna-llib\src\writer.rs:4:35
  |
4 | use luna_mvir::{Module, Function, ValueData, BasicBlock, CaptureInfo, Instruction, Terminator, Operand};
  |                                   ^^^^^^^^^  ^^^^^^^^^^  ^^^^^^^^^^^

warning: unused import: `MlibHeader`
 --> crates\luna-llib\src\reader.rs:2:33
  |
2 | use crate::format::{LlibHeader, MlibHeader, SectionEntry, SectionType, LLIB_MAGIC, MLIB_MAGIC, LLIB_FORMAT_VERSION, MLIB_FORMAT_VERSI...
  |                                 ^^^^^^^^^^

warning: `luna-llib` (lib) generated 4 warnings (run `cargo fix --lib -p luna-llib` to apply 4 suggestions)
warning: field `function_map` is never read
  --> crates\luna-backend\src\llvm_codegen.rs:81:5
   |
72 | pub struct LLVMBackend<'a, 'ctx> {
   |            ----------- field in this struct
...
81 |     function_map: HashMap<String, inkwell::values::FunctionValue<'ctx>>,
   |     ^^^^^^^^^^^^
   |
   = note: `#[warn(dead_code)]` (part of `#[warn(unused)]`) on by default

warning: `luna-backend` (lib) generated 1 warning
warning: unused import: `std::collections::HashSet`
 --> crates\luna-borrowck\src\effect.rs:1:5
  |
1 | use std::collections::HashSet;
  |     ^^^^^^^^^^^^^^^^^^^^^^^^^
  |
  = note: `#[warn(unused_imports)]` (part of `#[warn(unused)]`) on by default

warning: unused import: `ValueOrigin`
 --> crates\luna-borrowck\src\effect_inference.rs:8:17
  |
8 | use luna_mvir::{ValueOrigin, Function, GlobalId, Instruction, Operand, Terminator, ValueId};
  |                 ^^^^^^^^^^^

warning: unused import: `ReturnEffect`
 --> crates\luna-borrowck\src\interprocedural.rs:1:40
  |
1 | use crate::effect::{CallEffectSummary, ReturnEffect};
  |                                        ^^^^^^^^^^^^

warning: unused import: `Operand`
 --> crates\luna-borrowck\src\interprocedural.rs:3:45
  |
3 | use luna_mvir::{Function, GlobalId, Module, Operand, Instruction};
  |                                             ^^^^^^^

warning: unused variable: `state`
    --> crates\luna-borrowck\src\borrow_analysis.rs:1376:45
     |
1376 |     fn is_external_loan(&self, loan: &Loan, state: &BorrowStateData) -> bool {
     |                                             ^^^^^ help: if this is intentional, prefix it with an underscore: `_state`
     |
     = note: `#[warn(unused_variables)]` (part of `#[warn(unused)]`) on by default

warning: variable `effects` is assigned to, but never used
   --> crates\luna-borrowck\src\move_analysis.rs:369:21
    |
369 |                 let mut effects = None;
    |                     ^^^^^^^^^^^
    |
    = note: consider using `_effects` instead

warning: value assigned to `effects` is never read
   --> crates\luna-borrowck\src\move_analysis.rs:371:21
    |
371 |                     effects = sums.get(callee);
    |                     ^^^^^^^^^^^^^^^^^^^^^^^^^^
    |
    = help: maybe it is overwritten before being read?
    = note: `#[warn(unused_assignments)]` (part of `#[warn(unused)]`) on by default

warning: field `arg_count` is never read
  --> crates\luna-borrowck\src\effect_inference.rs:62:5
   |
61 | pub struct EffectInference<'a> {
   |            --------------- field in this struct
62 |     arg_count: usize,
   |     ^^^^^^^^^
   |
   = note: `#[warn(dead_code)]` (part of `#[warn(unused)]`) on by default

warning: `luna-borrowck` (lib) generated 8 warnings (run `cargo fix --lib -p luna-borrowck` to apply 5 suggestions)
warning: unused variable: `i`
  --> crates\luna-optimizer\src\verifier.rs:41:10
   |
41 |     for (i, block) in func.blocks.iter().enumerate() {
   |          ^ help: if this is intentional, prefix it with an underscore: `_i`
   |
   = note: `#[warn(unused_variables)]` (part of `#[warn(unused)]`) on by default

warning: `luna-optimizer` (lib) generated 1 warning (run `cargo fix --lib -p luna-optimizer` to apply 1 suggestion)
warning: unused import: `crate::registry::ModuleRegistry`
 --> crates\luna-driver\src\importer.rs:4:5
  |
4 | use crate::registry::ModuleRegistry;
  |     ^^^^^^^^^^^^^^^^^^^^^^^^^^^^^^^
  |
  = note: `#[warn(unused_imports)]` (part of `#[warn(unused)]`) on by default

warning: unused import: `luna_lexer::Lexer`
 --> crates\luna-driver\src\importer.rs:6:5
  |
6 | use luna_lexer::Lexer;
  |     ^^^^^^^^^^^^^^^^^

warning: unused import: `luna_parser::Parser`
 --> crates\luna-driver\src\importer.rs:7:5
  |
7 | use luna_parser::Parser;
  |     ^^^^^^^^^^^^^^^^^^^

warning: unused imports: `Resolver`, `SemanticContext`, and `TypeChecker`
 --> crates\luna-driver\src\importer.rs:8:21
  |
8 | use luna_semantic::{SemanticContext, Resolver, TypeChecker};
  |                     ^^^^^^^^^^^^^^^  ^^^^^^^^  ^^^^^^^^^^^

warning: unused import: `ExternalTraitImplEntry`
 --> crates\luna-driver\src\metadata_builder.rs:1:75
  |
1 | use crate::registry::{CanonicalSymbolId, ExternalImplKey, ExternalSymbol, ExternalTraitImplEntry, ModuleRegistry, ProviderInterface};
  |                                                                           ^^^^^^^^^^^^^^^^^^^^^^

warning: unused import: `TraitDefinition`
 --> crates\luna-driver\src\metadata_builder.rs:6:39
  |
6 |     SemanticMetadata, StableSymbolId, TraitDefinition,
  |                                       ^^^^^^^^^^^^^^^

warning: unused import: `TypeContext`
 --> crates\luna-driver\src\metadata_builder.rs:8:55
  |
8 | use luna_semantic::ty::{SemanticType, SemanticTypeId, TypeContext};
  |                                                       ^^^^^^^^^^^

warning: unused import: `CanonicalLifetime`
 --> crates\luna-driver\src\metadata_decoder.rs:2:62
  |
2 | use luna_llib::metadata::{CanonicalInterface, CanonicalType, CanonicalLifetime, SemanticMetadata, StableSymbolId};
  |                                                              ^^^^^^^^^^^^^^^^^

warning: unused imports: `BuiltinType` and `Mutability`
 --> crates\luna-driver\src\metadata_decoder.rs:3:25
  |
3 | use luna_semantic::ty::{BuiltinType, Mutability, SemanticType, SemanticTypeId, TypeContext};
  |                         ^^^^^^^^^^^  ^^^^^^^^^^

warning: unused import: `link_objs_to_exe`
  --> crates\luna-driver\src\lib.rs:24:47
   |
24 | use luna_backend::{LLVMBackend, TargetConfig, link_objs_to_exe};
   |                                               ^^^^^^^^^^^^^^^^

warning: variable does not need to be mutable
   --> crates\luna-driver\src\external.rs:438:13
    |
438 |         let mut provider_items = match parse_res {
    |             ----^^^^^^^^^^^^^^
    |             |
    |             help: remove this `mut`
    |
    = note: `#[warn(unused_mut)]` (part of `#[warn(unused)]`) on by default

warning: unused variable: `provider_id`
  --> crates\luna-driver\src\session.rs:53:17
   |
53 |             let provider_id = match self.load_package(entry.provider_id, arena, ProviderResolutionContext::Bootstrap) {
   |                 ^^^^^^^^^^^ help: if this is intentional, prefix it with an underscore: `_provider_id`
   |
   = note: `#[warn(unused_variables)]` (part of `#[warn(unused)]`) on by default

warning: variable does not need to be mutable
  --> crates\luna-driver\src\metadata_builder.rs:49:13
   |
49 |         let mut traits = std::collections::BTreeMap::new();
   |             ----^^^^^^
   |             |
   |             help: remove this `mut`

warning: unused variable: `id`
   --> crates\luna-driver\src\lib.rs:726:22
    |
726 |                 for (id, interface) in &registry.interfaces {
    |                      ^^ help: if this is intentional, prefix it with an underscore: `_id`

warning: `luna-driver` (lib) generated 14 warnings (run `cargo fix --lib -p luna-driver` to apply 14 suggestions)
    Finished `test` profile [unoptimized] target(s) in 0.11s
     Running tests\struct_lifetime_contract_acceptance_tests.rs (D:\fdlang\luna-rs\target\debug\deps\struct_lifetime_contract_acceptance_tests-5d6f06c6fe8acec3.exe)

running 24 tests
test test_raw_storage_anchor_direct_pointer_contract_resolves ... ok
test test_raw_storage_anchor_rejects_copy_impl ... FAILED
test test_raw_storage_anchor_rejects_non_pointer_field ... FAILED
test test_struct_life_01_parse_and_resolve ... ok
test test_struct_life_02_field_identity_canonicalized ... ok
test test_struct_life_03_valid_construction ... ok
test test_struct_life_04_reject_shorter_provenance ... ok
test test_struct_life_05_move_to_longer_lived_carrier ... ok
test test_struct_life_06_move_to_shorter_carrier ... ok
test test_struct_life_07_joined_field_provenance_cfg ... ok
test test_struct_life_08_independent_self_regions ... ok
test test_struct_life_09_llib_parity ... ok
test test_struct_life_10_function_projection_unsupported ... ok
test test_struct_life_11_field_storage_not_referent_validity ... ok
test test_struct_life_12_reverse_relation_unsupported ... ok
test test_struct_life_13_non_reference_field_rejected ... FAILED
test test_struct_life_14_aliased_field_ptr_uses_place ... ok
test test_struct_life_15_return_by_value_caller_revalidation ... ok
test test_struct_life_16_missing_provenance_shadow_gap ... ok
test test_struct_life_17_llib_version_compatibility ... ok
test test_struct_life_18_post_construction_field_mutation ... ok
test test_struct_life_19_provenance_survives_loan_state_change ... ok
test test_struct_life_20_alias_identity_is_place_based ... ok
test test_struct_life_21_raw_pointer_rejected ... FAILED

failures:

---- test_raw_storage_anchor_rejects_copy_impl stdout ----
DEBUG: resolve_collected_imports finished successfully
DEBUG loading package: core/panic
DEBUG: resolve_collected_imports finished successfully
DEBUG: resolve_collected_imports finished successfully
DEBUG loading package: __lang_option
DEBUG: resolve_collected_imports finished successfully
DEBUG: resolve_collected_imports finished successfully
DEBUG: resolve_collected_imports finished successfully
DEBUG loading package: core/panic
DEBUG loading package: __lang_option
DEBUG loading package: result
DEBUG loading package: core/panic
DEBUG loading package: __lang_option
DEBUG: resolve_collected_imports finished successfully
DEBUG: resolve_collected_imports finished successfully
DEBUG loading package: copy
DEBUG: resolve_collected_imports finished successfully
DEBUG: resolve_imports returning true

thread 'test_raw_storage_anchor_rejects_copy_impl' (26392) panicked at crates\luna-driver\tests\struct_lifetime_contract_acceptance_tests.rs:220:5:
wrong diagnostic: [Diagnostic { level: Error, code: Some(RawStorageAnchorViolation), span: Some(Span { file_id: FileId(0), start: 98, end: 106, ctxt: SyntaxContext(0) }), message: "a type with raw storage anchors cannot implement Copy in RAW-STORAGE-ANCHOR-v1" }]
note: run with `RUST_BACKTRACE=1` environment variable to display a backtrace

---- test_raw_storage_anchor_rejects_non_pointer_field stdout ----
DEBUG: resolve_collected_imports finished successfully
DEBUG loading package: core/panic
DEBUG: resolve_collected_imports finished successfully
DEBUG: resolve_collected_imports finished successfully
DEBUG loading package: __lang_option
DEBUG: resolve_collected_imports finished successfully
DEBUG: resolve_collected_imports finished successfully
DEBUG: resolve_collected_imports finished successfully
DEBUG loading package: core/panic
DEBUG loading package: __lang_option
DEBUG loading package: result
DEBUG loading package: core/panic
DEBUG loading package: __lang_option
DEBUG: resolve_collected_imports finished successfully
DEBUG: resolve_collected_imports finished successfully
DEBUG: resolve_collected_imports finished successfully
DEBUG: resolve_imports returning true

thread 'test_raw_storage_anchor_rejects_non_pointer_field' (21448) panicked at crates\luna-driver\tests\struct_lifetime_contract_acceptance_tests.rs:207:5:
wrong diagnostic: [Diagnostic { level: Error, code: Some(RawStorageAnchorViolation), span: Some(Span { file_id: FileId(0), start: 18, end: 22, ctxt: SyntaxContext(0) }), message: "anchored field 'data' in struct 'BadOwner' must have a direct raw pointer type (*T or *rw T)" }]

---- test_struct_life_13_non_reference_field_rejected stdout ----
DEBUG: resolve_collected_imports finished successfully
DEBUG loading package: core/panic
DEBUG: resolve_collected_imports finished successfully
DEBUG: resolve_collected_imports finished successfully
DEBUG loading package: __lang_option
DEBUG: resolve_collected_imports finished successfully
DEBUG: resolve_collected_imports finished successfully
DEBUG: resolve_collected_imports finished successfully
DEBUG loading package: core/panic
DEBUG loading package: __lang_option
DEBUG loading package: result
DEBUG loading package: core/panic
DEBUG loading package: __lang_option
DEBUG: resolve_collected_imports finished successfully
DEBUG: resolve_collected_imports finished successfully
DEBUG: resolve_collected_imports finished successfully
DEBUG: resolve_imports returning true

thread 'test_struct_life_13_non_reference_field_rejected' (30216) panicked at crates\luna-driver\tests\struct_lifetime_contract_acceptance_tests.rs:469:5:
STRUCT-LIFE-13: Expected non-reference field error with E2016, got: [Diagnostic { level: Error, code: Some(LifetimeConstraintViolation), span: Some(Span { file_id: FileId(0), start: 46, end: 71, ctxt: SyntaxContext(0) }), message: "field 'value' in struct 'BadHolder' has non-reference type, but struct lifetime contracts only admit reference fields (&T or &rw T)" }]

---- test_struct_life_21_raw_pointer_rejected stdout ----
DEBUG: resolve_collected_imports finished successfully
DEBUG loading package: core/panic
DEBUG: resolve_collected_imports finished successfully
DEBUG: resolve_collected_imports finished successfully
DEBUG loading package: __lang_option
DEBUG: resolve_collected_imports finished successfully
DEBUG: resolve_collected_imports finished successfully
DEBUG: resolve_collected_imports finished successfully
DEBUG loading package: core/panic
DEBUG loading package: __lang_option
DEBUG loading package: result
DEBUG loading package: core/panic
DEBUG loading package: __lang_option
DEBUG: resolve_collected_imports finished successfully
DEBUG: resolve_collected_imports finished successfully
DEBUG: resolve_collected_imports finished successfully
DEBUG: resolve_imports returning true

thread 'test_struct_life_21_raw_pointer_rejected' (23624) panicked at crates\luna-driver\tests\struct_lifetime_contract_acceptance_tests.rs:952:5:
STRUCT-LIFE-21: Expected E2016 non-reference type error, got: [Diagnostic { level: Error, code: Some(LifetimeConstraintViolation), span: Some(Span { file_id: FileId(0), start: 43, end: 64, ctxt: SyntaxContext(0) }), message: "field 'p' in struct 'RawHolder' has non-reference type, but struct lifetime contracts only admit reference fields (&T or &rw T)" }]


failures:
    test_raw_storage_anchor_rejects_copy_impl
    test_raw_storage_anchor_rejects_non_pointer_field
    test_struct_life_13_non_reference_field_rejected
    test_struct_life_21_raw_pointer_rejected

test result: FAILED. 20 passed; 4 failed; 0 ignored; 0 measured; 0 filtered out; finished in 1.51s

error: test failed, to rerun pass `-p luna-driver --test struct_lifetime_contract_acceptance_tests`
     Running tests\test_artifact_metadata_parity.rs (D:\fdlang\luna-rs\target\debug\deps\test_artifact_metadata_parity-ff9693d34ff866d6.exe)

running 9 tests
test test_associated_type_round_trip_canonical_llib ... FAILED
test test_generic_same_name_params_declaration_scoped ... ok
test test_mixed_source_artifact_graph_parity ... FAILED
test test_provider_generic_trait_bound_survives_llib ... ok
test test_semantic_metadata_preserves_generic_refs_and_impls ... ok
test test_transitive_generic_type_args_a_b_c ... ok
test test_transitive_lifetime_contract_a_b_c ... ok
test test_transitive_nominal_type_identity_a_b_c ... ok
test test_transitive_trait_method_resolution_a_b_c ... ok

failures:

---- test_associated_type_round_trip_canonical_llib stdout ----
DEBUG: resolve_collected_imports finished successfully
DEBUG loading package: core/panic
DEBUG: resolve_collected_imports finished successfully
DEBUG: resolve_collected_imports finished successfully
DEBUG loading package: __lang_option
DEBUG: resolve_collected_imports finished successfully
DEBUG: resolve_collected_imports finished successfully
DEBUG: resolve_collected_imports finished successfully
DEBUG loading package: core/panic
DEBUG loading package: __lang_option
DEBUG loading package: result
DEBUG loading package: core/panic
DEBUG loading package: __lang_option
DEBUG: resolve_collected_imports finished successfully
DEBUG: resolve_collected_imports finished successfully
DEBUG: resolve_collected_imports finished successfully
DEBUG: resolve_imports returning true
DEBUG: resolve_collected_imports finished successfully
DEBUG loading package: core/panic
DEBUG: resolve_collected_imports finished successfully
DEBUG: resolve_collected_imports finished successfully
DEBUG loading package: __lang_option
DEBUG: resolve_collected_imports finished successfully
DEBUG: resolve_collected_imports finished successfully
DEBUG: resolve_collected_imports finished successfully
DEBUG loading package: core/panic
DEBUG loading package: __lang_option
DEBUG loading package: result
DEBUG loading package: core/panic
DEBUG loading package: __lang_option
DEBUG: resolve_collected_imports finished successfully
DEBUG: resolve_collected_imports finished successfully
DEBUG: resolve_collected_imports finished successfully
DEBUG: resolve_collected_imports finished successfully
DEBUG: resolve_imports returning true
consumer compile failed: [Diagnostic { level: Error, code: Some(MonomorphizationBarrier), span: Some(Span { file_id: FileId(9), start: 484, end: 493, ctxt: SyntaxContext(0) }), message: "E_CANNOT_MONOMORPHIZE: Semantic error type reached monomorphization barrier" }]

thread 'test_associated_type_round_trip_canonical_llib' (14584) panicked at crates\luna-driver\tests\test_artifact_metadata_parity.rs:677:5:
consumer must compile against assoc.llib
note: run with `RUST_BACKTRACE=1` environment variable to display a backtrace

---- test_mixed_source_artifact_graph_parity stdout ----
DEBUG: resolve_collected_imports finished successfully
DEBUG loading package: core/panic
DEBUG: resolve_collected_imports finished successfully
DEBUG: resolve_collected_imports finished successfully
DEBUG loading package: __lang_option
DEBUG: resolve_collected_imports finished successfully
DEBUG: resolve_collected_imports finished successfully
DEBUG: resolve_collected_imports finished successfully
DEBUG loading package: core/panic
DEBUG loading package: __lang_option
DEBUG loading package: result
DEBUG loading package: core/panic
DEBUG loading package: __lang_option
DEBUG: resolve_collected_imports finished successfully
DEBUG: resolve_collected_imports finished successfully
DEBUG: resolve_collected_imports finished successfully
DEBUG: resolve_collected_imports finished successfully
DEBUG: resolve_imports returning true
DEBUG: resolve_collected_imports finished successfully
DEBUG loading package: core/panic
DEBUG: resolve_collected_imports finished successfully
DEBUG: resolve_collected_imports finished successfully
DEBUG loading package: __lang_option
DEBUG: resolve_collected_imports finished successfully
DEBUG: resolve_collected_imports finished successfully
DEBUG: resolve_collected_imports finished successfully
DEBUG loading package: core/panic
DEBUG loading package: __lang_option
DEBUG loading package: result
DEBUG loading package: core/panic
DEBUG loading package: __lang_option
DEBUG: resolve_collected_imports finished successfully
DEBUG: resolve_collected_imports finished successfully
DEBUG: resolve_collected_imports finished successfully
DEBUG: resolve_collected_imports finished successfully
DEBUG: resolve_collected_imports finished successfully
DEBUG: resolve_imports returning true
consumer compile failed: [Diagnostic { level: Error, code: Some(LinkerFailure), span: None, message: "Link Error: native linker exited with status exit code: 1: c:/mingw64/bin/../lib/gcc/x86_64-w64-mingw32/12.1.0/../../../../x86_64-w64-mingw32/bin/ld.exe: C:\\Users\\84387\\AppData\\Local\\Temp\\luna_meta_parity_mixed_a_src_b_art_1791081867542957100\\b.obj:b.ln:(.text+0x0): multiple definition of `_MFN5alpha4readE'; C:\\Users\\84387\\AppData\\Local\\Temp\\luna_meta_parity_mixed_a_src_b_art_1791081867542957100\\main.obj:main.ln:(.text+0x0): first defined here\r\nc:/mingw64/bin/../lib/gcc/x86_64-w64-mingw32/12.1.0/../../../../x86_64-w64-mingw32/bin/ld.exe: C:\\Users\\84387\\AppData\\Local\\Temp\\luna_meta_parity_mixed_a_src_b_art_1791081867542957100\\b.obj:b.ln:(.text+0x10): multiple definition of `_MFN5alpha4makeE'; C:\\Users\\84387\\AppData\\Local\\Temp\\luna_meta_parity_mixed_a_src_b_art_1791081867542957100\\main.obj:main.ln:(.text+0x40): first defined here\r\ncollect2.exe: error: ld returned 1 exit status\n" }]

thread 'test_mixed_source_artifact_graph_parity' (3712) panicked at crates\luna-driver\tests\test_artifact_metadata_parity.rs:380:9:
Case A source/artifact/consumer must compile


failures:
    test_associated_type_round_trip_canonical_llib
    test_mixed_source_artifact_graph_parity

test result: FAILED. 7 passed; 2 failed; 0 ignored; 0 measured; 0 filtered out; finished in 3.49s

error: test failed, to rerun pass `-p luna-driver --test test_artifact_metadata_parity`
     Running tests\test_freshness.rs (D:\fdlang\luna-rs\target\debug\deps\test_freshness-7b8a6602ba27e153.exe)

running 3 tests
test test_dependency_implementation_only_change_preserves_validity ... FAILED
test test_dependency_interface_change_invalidates_consumer ... ok
test test_stale_source_fingerprint_rejected ... ok

failures:

---- test_dependency_implementation_only_change_preserves_validity stdout ----
DEBUG: resolve_collected_imports finished successfully
DEBUG loading package: core/panic
DEBUG: resolve_collected_imports finished successfully
DEBUG: resolve_collected_imports finished successfully
DEBUG loading package: __lang_option
DEBUG: resolve_collected_imports finished successfully
DEBUG: resolve_collected_imports finished successfully
DEBUG: resolve_collected_imports finished successfully
DEBUG loading package: core/panic
DEBUG loading package: __lang_option
DEBUG loading package: result
DEBUG loading package: core/panic
DEBUG loading package: __lang_option
DEBUG: resolve_collected_imports finished successfully
DEBUG: resolve_collected_imports finished successfully
DEBUG: resolve_collected_imports finished successfully
DEBUG: resolve_imports returning true
DEBUG: resolve_collected_imports finished successfully
DEBUG loading package: core/panic
DEBUG: resolve_collected_imports finished successfully
DEBUG: resolve_collected_imports finished successfully
DEBUG loading package: __lang_option
DEBUG: resolve_collected_imports finished successfully
DEBUG: resolve_collected_imports finished successfully
DEBUG: resolve_collected_imports finished successfully
DEBUG loading package: core/panic
DEBUG loading package: __lang_option
DEBUG loading package: result
DEBUG loading package: core/panic
DEBUG loading package: __lang_option
DEBUG: resolve_collected_imports finished successfully
DEBUG: resolve_collected_imports finished successfully
DEBUG: resolve_collected_imports finished successfully
DEBUG: resolve_collected_imports finished successfully
DEBUG: resolve_imports returning true
DEBUG: resolve_collected_imports finished successfully
DEBUG loading package: core/panic
DEBUG: resolve_collected_imports finished successfully
DEBUG: resolve_collected_imports finished successfully
DEBUG loading package: __lang_option
DEBUG: resolve_collected_imports finished successfully
DEBUG: resolve_collected_imports finished successfully
DEBUG: resolve_collected_imports finished successfully
DEBUG loading package: core/panic
DEBUG loading package: __lang_option
DEBUG loading package: result
DEBUG loading package: core/panic
DEBUG loading package: __lang_option
DEBUG: resolve_collected_imports finished successfully
DEBUG: resolve_collected_imports finished successfully
DEBUG: resolve_collected_imports finished successfully
DEBUG: resolve_imports returning true
DEBUG: resolve_collected_imports finished successfully
DEBUG loading package: core/panic
DEBUG: resolve_collected_imports finished successfully
DEBUG: resolve_collected_imports finished successfully
DEBUG loading package: __lang_option
DEBUG: resolve_collected_imports finished successfully
DEBUG: resolve_collected_imports finished successfully
DEBUG: resolve_collected_imports finished successfully
DEBUG loading package: core/panic
DEBUG loading package: __lang_option
DEBUG loading package: result
DEBUG loading package: core/panic
DEBUG loading package: __lang_option
DEBUG: resolve_collected_imports finished successfully
DEBUG: resolve_collected_imports finished successfully
DEBUG: resolve_collected_imports finished successfully
DEBUG: resolve_collected_imports finished successfully
DEBUG: resolve_imports returning false

thread 'test_dependency_implementation_only_change_preserves_validity' (9168) panicked at crates\luna-driver\tests\test_freshness.rs:165:5:
Implementation-only change must NOT invalidate dependent B: Some([Diagnostic { level: Error, code: Some(BackendInvariantViolation), span: Some(Span { file_id: FileId(0), start: 8, end: 11, ctxt: SyntaxContext(0) }), message: "Strict Rejection: Invalid artifact for 'b' at `C:\\Users\\84387\\AppData\\Local\\Temp\\luna_freshness_dep_impl_only_1791081870540348300\\b.llib`: dependency execution fingerprint mismatch for provider a" }])
note: run with `RUST_BACKTRACE=1` environment variable to display a backtrace


failures:
    test_dependency_implementation_only_change_preserves_validity

test result: FAILED. 2 passed; 1 failed; 0 ignored; 0 measured; 0 filtered out; finished in 0.68s

error: test failed, to rerun pass `-p luna-driver --test test_freshness`
error: 3 targets failed:
    `-p luna-driver --test struct_lifetime_contract_acceptance_tests`
    `-p luna-driver --test test_artifact_metadata_parity`
    `-p luna-driver --test test_freshness`
