Building __alloc_global ...
DEBUG: resolve_collected_imports finished successfully
DEBUG: resolve_imports returning true
Successfully built __alloc_global
Building __lang_drop ...
DEBUG: resolve_collected_imports finished successfully
DEBUG: resolve_imports returning true
Successfully built __lang_drop
Building __lang_into_iterator ...
DEBUG: resolve_collected_imports finished successfully
DEBUG: resolve_imports returning true
Successfully built __lang_into_iterator
Building clone ...
DEBUG: resolve_collected_imports finished successfully
DEBUG: resolve_imports returning true
Successfully built clone
Building cmp ...
DEBUG: resolve_collected_imports finished successfully
DEBUG: resolve_imports returning true
Successfully built cmp
Building copy ...
DEBUG: resolve_collected_imports finished successfully
DEBUG: resolve_imports returning true
Successfully built copy
Building hash ...
DEBUG: resolve_collected_imports finished successfully
DEBUG: resolve_imports returning true
Successfully built hash
Building panic ...
DEBUG: resolve_collected_imports finished successfully
DEBUG: resolve_imports returning true
Successfully built panic
Building __lang_option ...
DEBUG loading package: core/panic
DEBUG: resolve_collected_imports finished successfully
DEBUG: resolve_collected_imports finished successfully
DEBUG: resolve_imports returning true
Successfully built __lang_option
Building __lang_iterator ...
DEBUG loading package: __lang_option
DEBUG loading package: core/panic
DEBUG: resolve_collected_imports finished successfully
DEBUG: resolve_collected_imports finished successfully
DEBUG: resolve_collected_imports finished successfully
DEBUG: resolve_imports returning true
Successfully built __lang_iterator
Building default ...
DEBUG loading package: __lang_option
DEBUG loading package: core/panic
DEBUG: resolve_collected_imports finished successfully
DEBUG: resolve_collected_imports finished successfully
DEBUG: resolve_collected_imports finished successfully
DEBUG: resolve_imports returning true
Successfully built default
Building iter_consumers ...
DEBUG loading package: __lang_option
DEBUG loading package: core/panic
DEBUG: resolve_collected_imports finished successfully
DEBUG: resolve_collected_imports finished successfully
DEBUG loading package: __lang_iterator
DEBUG loading package: __lang_option
DEBUG: resolve_collected_imports finished successfully
DEBUG loading package: cmp
DEBUG: resolve_collected_imports finished successfully
DEBUG: resolve_collected_imports finished successfully
DEBUG: resolve_imports returning true
Successfully built iter_consumers
Building num ...
DEBUG loading package: __lang_option
DEBUG loading package: core/panic
DEBUG: resolve_collected_imports finished successfully
DEBUG: resolve_collected_imports finished successfully
DEBUG: resolve_collected_imports finished successfully
DEBUG: resolve_imports returning true
Successfully built num
Building ptr ...
DEBUG: resolve_collected_imports finished successfully
DEBUG: resolve_imports returning true
Successfully built ptr
Building float ...
DEBUG loading package: ptr
DEBUG: resolve_collected_imports finished successfully
DEBUG loading package: panic
DEBUG: resolve_collected_imports finished successfully
DEBUG: resolve_collected_imports finished successfully
DEBUG: resolve_imports returning true
Successfully built float
Building mem ...
DEBUG loading package: ptr
DEBUG: resolve_collected_imports finished successfully
DEBUG: resolve_collected_imports finished successfully
DEBUG: resolve_imports returning true
Successfully built mem
Building __raw_table ...
DEBUG loading package: __alloc_global
DEBUG: resolve_collected_imports finished successfully
DEBUG loading package: ptr
DEBUG: resolve_collected_imports finished successfully
DEBUG loading package: mem
DEBUG loading package: ptr
DEBUG: resolve_collected_imports finished successfully
DEBUG loading package: hash
DEBUG: resolve_collected_imports finished successfully
DEBUG loading package: cmp
DEBUG: resolve_collected_imports finished successfully
DEBUG loading package: __lang_drop
DEBUG: resolve_collected_imports finished successfully
DEBUG loading package: __lang_option
DEBUG loading package: core/panic
DEBUG: resolve_collected_imports finished successfully
DEBUG: resolve_collected_imports finished successfully
DEBUG loading package: __lang_iterator
DEBUG loading package: __lang_option
DEBUG: resolve_collected_imports finished successfully
DEBUG: resolve_collected_imports finished successfully
DEBUG: resolve_imports returning true
Successfully built __raw_table
Building atomic ...
DEBUG loading package: ptr
DEBUG: resolve_collected_imports finished successfully
DEBUG loading package: mem
DEBUG loading package: ptr
DEBUG: resolve_collected_imports finished successfully
DEBUG: resolve_collected_imports finished successfully
DEBUG: resolve_imports returning true
Successfully built atomic
Building box ...
DEBUG loading package: __alloc_global
DEBUG: resolve_collected_imports finished successfully
DEBUG loading package: ptr
DEBUG: resolve_collected_imports finished successfully
DEBUG loading package: mem
DEBUG loading package: ptr
DEBUG: resolve_collected_imports finished successfully
DEBUG loading package: __lang_drop
DEBUG: resolve_collected_imports finished successfully
DEBUG: resolve_collected_imports finished successfully
DEBUG: resolve_imports returning true
Successfully built box
Building cell ...
DEBUG loading package: ptr
DEBUG: resolve_collected_imports finished successfully
DEBUG loading package: mem
DEBUG loading package: ptr
DEBUG: resolve_collected_imports finished successfully
DEBUG loading package: __lang_drop
DEBUG: resolve_collected_imports finished successfully
DEBUG loading package: __lang_option
DEBUG loading package: core/panic
DEBUG: resolve_collected_imports finished successfully
DEBUG: resolve_collected_imports finished successfully
DEBUG: resolve_collected_imports finished successfully
DEBUG: resolve_imports returning true
Successfully built cell
Building hashmap ...
DEBUG loading package: __raw_table
DEBUG loading package: __alloc_global
DEBUG: resolve_collected_imports finished successfully
DEBUG loading package: ptr
DEBUG: resolve_collected_imports finished successfully
DEBUG loading package: mem
DEBUG loading package: ptr
DEBUG: resolve_collected_imports finished successfully
DEBUG loading package: hash
DEBUG: resolve_collected_imports finished successfully
DEBUG loading package: cmp
DEBUG: resolve_collected_imports finished successfully
DEBUG loading package: __lang_drop
DEBUG: resolve_collected_imports finished successfully
DEBUG loading package: __lang_option
DEBUG loading package: core/panic
DEBUG: resolve_collected_imports finished successfully
DEBUG: resolve_collected_imports finished successfully
DEBUG loading package: __lang_iterator
DEBUG loading package: __lang_option
DEBUG: resolve_collected_imports finished successfully
DEBUG: resolve_collected_imports finished successfully
DEBUG loading package: hash
DEBUG loading package: cmp
DEBUG loading package: clone
DEBUG: resolve_collected_imports finished successfully
DEBUG loading package: default
DEBUG loading package: __lang_option
DEBUG: resolve_collected_imports finished successfully
DEBUG loading package: __lang_option
DEBUG loading package: __lang_iterator
DEBUG loading package: __lang_into_iterator
DEBUG: resolve_collected_imports finished successfully
DEBUG loading package: __lang_drop
DEBUG: resolve_collected_imports finished successfully
DEBUG: resolve_imports returning true
Successfully built hashmap
Building hashset ...
DEBUG loading package: hashmap
DEBUG loading package: __raw_table
DEBUG loading package: __alloc_global
DEBUG: resolve_collected_imports finished successfully
DEBUG loading package: ptr
DEBUG: resolve_collected_imports finished successfully
DEBUG loading package: mem
DEBUG loading package: ptr
DEBUG: resolve_collected_imports finished successfully
DEBUG loading package: hash
DEBUG: resolve_collected_imports finished successfully
DEBUG loading package: cmp
DEBUG: resolve_collected_imports finished successfully
DEBUG loading package: __lang_drop
DEBUG: resolve_collected_imports finished successfully
DEBUG loading package: __lang_option
DEBUG loading package: core/panic
DEBUG: resolve_collected_imports finished successfully
DEBUG: resolve_collected_imports finished successfully
DEBUG loading package: __lang_iterator
DEBUG loading package: __lang_option
DEBUG: resolve_collected_imports finished successfully
DEBUG: resolve_collected_imports finished successfully
DEBUG loading package: hash
DEBUG loading package: cmp
DEBUG loading package: clone
DEBUG: resolve_collected_imports finished successfully
DEBUG loading package: default
DEBUG loading package: __lang_option
DEBUG: resolve_collected_imports finished successfully
DEBUG loading package: __lang_option
DEBUG loading package: __lang_iterator
DEBUG loading package: __lang_into_iterator
DEBUG: resolve_collected_imports finished successfully
DEBUG loading package: __lang_drop
DEBUG: resolve_collected_imports finished successfully
DEBUG loading package: default
DEBUG loading package: hash
DEBUG loading package: cmp
DEBUG loading package: clone
DEBUG loading package: __lang_option
DEBUG loading package: __lang_iterator
DEBUG loading package: __lang_into_iterator
DEBUG loading package: __lang_drop
DEBUG: resolve_collected_imports finished successfully
DEBUG: resolve_imports returning true
Successfully built hashset
Building iter_adapters ...
DEBUG loading package: __lang_option
DEBUG loading package: core/panic
DEBUG: resolve_collected_imports finished successfully
DEBUG: resolve_collected_imports finished successfully
DEBUG loading package: __lang_iterator
DEBUG loading package: __lang_option
DEBUG: resolve_collected_imports finished successfully
DEBUG loading package: __lang_into_iterator
DEBUG: resolve_collected_imports finished successfully
DEBUG loading package: clone
DEBUG: resolve_collected_imports finished successfully
DEBUG loading package: mem
DEBUG loading package: ptr
DEBUG: resolve_collected_imports finished successfully
DEBUG: resolve_collected_imports finished successfully
DEBUG: resolve_collected_imports finished successfully
DEBUG: resolve_imports returning true
Successfully built iter_adapters
Building result ...
DEBUG loading package: core/panic
DEBUG: resolve_collected_imports finished successfully
DEBUG loading package: __lang_option
DEBUG loading package: core/panic
DEBUG: resolve_collected_imports finished successfully
DEBUG: resolve_collected_imports finished successfully
DEBUG: resolve_imports returning true
Successfully built result
Building arc ...
DEBUG loading package: __alloc_global
DEBUG: resolve_collected_imports finished successfully
DEBUG loading package: ptr
DEBUG: resolve_collected_imports finished successfully
DEBUG loading package: mem
DEBUG loading package: ptr
DEBUG: resolve_collected_imports finished successfully
DEBUG loading package: atomic
DEBUG loading package: ptr
DEBUG loading package: mem
DEBUG: resolve_collected_imports finished successfully
DEBUG loading package: result
DEBUG loading package: core/panic
DEBUG: resolve_collected_imports finished successfully
DEBUG loading package: __lang_option
DEBUG loading package: core/panic
DEBUG: resolve_collected_imports finished successfully
DEBUG: resolve_collected_imports finished successfully
DEBUG loading package: __lang_drop
DEBUG: resolve_collected_imports finished successfully
DEBUG loading package: __lang_option
DEBUG: resolve_collected_imports finished successfully
DEBUG: resolve_imports returning true
Successfully built arc
Building convert ...
DEBUG loading package: result
DEBUG loading package: core/panic
DEBUG: resolve_collected_imports finished successfully
DEBUG loading package: __lang_option
DEBUG loading package: core/panic
DEBUG: resolve_collected_imports finished successfully
DEBUG: resolve_collected_imports finished successfully
DEBUG: resolve_collected_imports finished successfully
DEBUG: resolve_imports returning true
Successfully built convert
Building fmt ...
DEBUG loading package: result
DEBUG loading package: core/panic
DEBUG: resolve_collected_imports finished successfully
DEBUG loading package: __lang_option
DEBUG loading package: core/panic
DEBUG: resolve_collected_imports finished successfully
DEBUG: resolve_collected_imports finished successfully
DEBUG: resolve_collected_imports finished successfully
DEBUG: resolve_imports returning true
Successfully built fmt
Building rc ...
DEBUG loading package: __alloc_global
DEBUG: resolve_collected_imports finished successfully
DEBUG loading package: ptr
DEBUG: resolve_collected_imports finished successfully
DEBUG loading package: mem
DEBUG loading package: ptr
DEBUG: resolve_collected_imports finished successfully
DEBUG loading package: cell
DEBUG loading package: ptr
DEBUG loading package: mem
DEBUG loading package: __lang_drop
DEBUG: resolve_collected_imports finished successfully
DEBUG loading package: __lang_option
DEBUG loading package: core/panic
DEBUG: resolve_collected_imports finished successfully
DEBUG: resolve_collected_imports finished successfully
DEBUG: resolve_collected_imports finished successfully
DEBUG loading package: result
DEBUG loading package: core/panic
DEBUG loading package: __lang_option
DEBUG: resolve_collected_imports finished successfully
DEBUG loading package: __lang_drop
DEBUG loading package: __lang_option
DEBUG: resolve_collected_imports finished successfully
DEBUG: resolve_imports returning true
Successfully built rc
Building slice ...
DEBUG loading package: __lang_option
DEBUG loading package: core/panic
DEBUG: resolve_collected_imports finished successfully
DEBUG: resolve_collected_imports finished successfully
DEBUG loading package: __lang_iterator
DEBUG loading package: __lang_option
DEBUG: resolve_collected_imports finished successfully
DEBUG loading package: ptr
DEBUG: resolve_collected_imports finished successfully
DEBUG loading package: mem
DEBUG loading package: ptr
DEBUG: resolve_collected_imports finished successfully
DEBUG loading package: cmp
DEBUG: resolve_collected_imports finished successfully
DEBUG loading package: clone
DEBUG: resolve_collected_imports finished successfully
DEBUG: resolve_collected_imports finished successfully
DEBUG: resolve_imports returning true
Successfully built slice
Building algo ...
DEBUG loading package: slice
DEBUG loading package: __lang_option
DEBUG loading package: core/panic
DEBUG: resolve_collected_imports finished successfully
DEBUG: resolve_collected_imports finished successfully
DEBUG loading package: __lang_iterator
DEBUG loading package: __lang_option
DEBUG: resolve_collected_imports finished successfully
DEBUG loading package: ptr
DEBUG: resolve_collected_imports finished successfully
DEBUG loading package: mem
DEBUG loading package: ptr
DEBUG: resolve_collected_imports finished successfully
DEBUG loading package: cmp
DEBUG: resolve_collected_imports finished successfully
DEBUG loading package: clone
DEBUG: resolve_collected_imports finished successfully
DEBUG: resolve_collected_imports finished successfully
DEBUG loading package: cmp
DEBUG loading package: clone
DEBUG loading package: ptr
DEBUG loading package: mem
DEBUG loading package: __lang_option
DEBUG: resolve_collected_imports finished successfully
DEBUG: resolve_imports returning true
Successfully built algo
Building random ...
DEBUG loading package: ptr
DEBUG: resolve_collected_imports finished successfully
DEBUG loading package: mem
DEBUG loading package: ptr
DEBUG: resolve_collected_imports finished successfully
DEBUG loading package: slice
DEBUG loading package: __lang_option
DEBUG loading package: core/panic
DEBUG: resolve_collected_imports finished successfully
DEBUG: resolve_collected_imports finished successfully
DEBUG loading package: __lang_iterator
DEBUG loading package: __lang_option
DEBUG: resolve_collected_imports finished successfully
DEBUG loading package: ptr
DEBUG loading package: mem
DEBUG loading package: cmp
DEBUG: resolve_collected_imports finished successfully
DEBUG loading package: clone
DEBUG: resolve_collected_imports finished successfully
DEBUG: resolve_collected_imports finished successfully
DEBUG: resolve_collected_imports finished successfully
DEBUG: resolve_imports returning true
Successfully built random
Building time ...
DEBUG loading package: __lang_option
DEBUG loading package: core/panic
DEBUG: resolve_collected_imports finished successfully
DEBUG: resolve_collected_imports finished successfully
DEBUG loading package: result
DEBUG loading package: core/panic
DEBUG loading package: __lang_option
DEBUG: resolve_collected_imports finished successfully
DEBUG loading package: cmp
DEBUG: resolve_collected_imports finished successfully
DEBUG loading package: clone
DEBUG: resolve_collected_imports finished successfully
DEBUG loading package: copy
DEBUG: resolve_collected_imports finished successfully
DEBUG loading package: default
DEBUG loading package: __lang_option
DEBUG: resolve_collected_imports finished successfully
DEBUG: resolve_collected_imports finished successfully
DEBUG: resolve_imports returning true
Successfully built time
Building net ...
DEBUG loading package: ptr
DEBUG: resolve_collected_imports finished successfully
DEBUG loading package: mem
DEBUG loading package: ptr
DEBUG: resolve_collected_imports finished successfully
DEBUG loading package: slice
DEBUG loading package: __lang_option
DEBUG loading package: core/panic
DEBUG: resolve_collected_imports finished successfully
DEBUG: resolve_collected_imports finished successfully
DEBUG loading package: __lang_iterator
DEBUG loading package: __lang_option
DEBUG: resolve_collected_imports finished successfully
DEBUG loading package: ptr
DEBUG loading package: mem
DEBUG loading package: cmp
DEBUG: resolve_collected_imports finished successfully
DEBUG loading package: clone
DEBUG: resolve_collected_imports finished successfully
DEBUG: resolve_collected_imports finished successfully
DEBUG loading package: result
DEBUG loading package: core/panic
DEBUG loading package: __lang_option
DEBUG: resolve_collected_imports finished successfully
DEBUG loading package: time
DEBUG loading package: __lang_option
DEBUG loading package: result
DEBUG loading package: cmp
DEBUG loading package: clone
DEBUG loading package: copy
DEBUG: resolve_collected_imports finished successfully
DEBUG loading package: default
DEBUG loading package: __lang_option
DEBUG: resolve_collected_imports finished successfully
DEBUG: resolve_collected_imports finished successfully
DEBUG loading package: __lang_drop
DEBUG: resolve_collected_imports finished successfully
DEBUG loading package: __lang_option
DEBUG: resolve_collected_imports finished successfully
DEBUG: resolve_imports returning true
Successfully built net
Building sync ...
DEBUG loading package: ptr
DEBUG: resolve_collected_imports finished successfully
DEBUG loading package: mem
DEBUG loading package: ptr
DEBUG: resolve_collected_imports finished successfully
DEBUG loading package: __lang_drop
DEBUG: resolve_collected_imports finished successfully
DEBUG loading package: __lang_option
DEBUG loading package: core/panic
DEBUG: resolve_collected_imports finished successfully
DEBUG: resolve_collected_imports finished successfully
DEBUG loading package: time
DEBUG loading package: __lang_option
DEBUG loading package: result
DEBUG loading package: core/panic
DEBUG loading package: __lang_option
DEBUG: resolve_collected_imports finished successfully
DEBUG loading package: cmp
DEBUG: resolve_collected_imports finished successfully
DEBUG loading package: clone
DEBUG: resolve_collected_imports finished successfully
DEBUG loading package: copy
DEBUG: resolve_collected_imports finished successfully
DEBUG loading package: default
DEBUG loading package: __lang_option
DEBUG: resolve_collected_imports finished successfully
DEBUG: resolve_collected_imports finished successfully
DEBUG: resolve_collected_imports finished successfully
DEBUG: resolve_imports returning true
Successfully built sync
Building thread ...
DEBUG loading package: __alloc_global
DEBUG: resolve_collected_imports finished successfully
DEBUG loading package: ptr
DEBUG: resolve_collected_imports finished successfully
DEBUG loading package: mem
DEBUG loading package: ptr
DEBUG: resolve_collected_imports finished successfully
DEBUG loading package: result
DEBUG loading package: core/panic
DEBUG: resolve_collected_imports finished successfully
DEBUG loading package: __lang_option
DEBUG loading package: core/panic
DEBUG: resolve_collected_imports finished successfully
DEBUG: resolve_collected_imports finished successfully
DEBUG loading package: time
DEBUG loading package: __lang_option
DEBUG loading package: result
DEBUG loading package: cmp
DEBUG: resolve_collected_imports finished successfully
DEBUG loading package: clone
DEBUG: resolve_collected_imports finished successfully
DEBUG loading package: copy
DEBUG: resolve_collected_imports finished successfully
DEBUG loading package: default
DEBUG loading package: __lang_option
DEBUG: resolve_collected_imports finished successfully
DEBUG: resolve_collected_imports finished successfully
DEBUG: resolve_collected_imports finished successfully
DEBUG: resolve_imports returning true
Successfully built thread
Building try ...
DEBUG loading package: core/panic
DEBUG: resolve_collected_imports finished successfully
DEBUG loading package: __lang_option
DEBUG loading package: core/panic
DEBUG: resolve_collected_imports finished successfully
DEBUG loading package: result
DEBUG loading package: core/panic
DEBUG loading package: __lang_option
DEBUG: resolve_collected_imports finished successfully
DEBUG: resolve_collected_imports finished successfully
DEBUG: resolve_imports returning true
Successfully built try
Building vec ...
DEBUG loading package: __alloc_global
DEBUG: resolve_collected_imports finished successfully
DEBUG loading package: slice
DEBUG loading package: __lang_option
DEBUG loading package: core/panic
DEBUG: resolve_collected_imports finished successfully
DEBUG: resolve_collected_imports finished successfully
DEBUG loading package: __lang_iterator
DEBUG loading package: __lang_option
DEBUG: resolve_collected_imports finished successfully
DEBUG loading package: ptr
DEBUG: resolve_collected_imports finished successfully
DEBUG loading package: mem
DEBUG loading package: ptr
DEBUG: resolve_collected_imports finished successfully
DEBUG loading package: cmp
DEBUG: resolve_collected_imports finished successfully
DEBUG loading package: clone
DEBUG: resolve_collected_imports finished successfully
DEBUG: resolve_collected_imports finished successfully
DEBUG loading package: ptr
DEBUG loading package: mem
DEBUG loading package: clone
DEBUG loading package: cmp
DEBUG loading package: default
DEBUG loading package: __lang_option
DEBUG: resolve_collected_imports finished successfully
DEBUG loading package: __lang_drop
DEBUG: resolve_collected_imports finished successfully
DEBUG loading package: __lang_option
DEBUG loading package: __lang_iterator
DEBUG loading package: __lang_into_iterator
DEBUG: resolve_collected_imports finished successfully
DEBUG: resolve_collected_imports finished successfully
DEBUG: resolve_imports returning true
Successfully built vec
Building binaryheap ...
DEBUG loading package: vec
DEBUG loading package: __alloc_global
DEBUG: resolve_collected_imports finished successfully
DEBUG loading package: slice
DEBUG loading package: __lang_option
DEBUG loading package: core/panic
DEBUG: resolve_collected_imports finished successfully
DEBUG: resolve_collected_imports finished successfully
DEBUG loading package: __lang_iterator
DEBUG loading package: __lang_option
DEBUG: resolve_collected_imports finished successfully
DEBUG loading package: ptr
DEBUG: resolve_collected_imports finished successfully
DEBUG loading package: mem
DEBUG loading package: ptr
DEBUG: resolve_collected_imports finished successfully
DEBUG loading package: cmp
DEBUG: resolve_collected_imports finished successfully
DEBUG loading package: clone
DEBUG: resolve_collected_imports finished successfully
DEBUG: resolve_collected_imports finished successfully
DEBUG loading package: ptr
DEBUG loading package: mem
DEBUG loading package: clone
DEBUG loading package: cmp
DEBUG loading package: default
DEBUG loading package: __lang_option
DEBUG: resolve_collected_imports finished successfully
DEBUG loading package: __lang_drop
DEBUG: resolve_collected_imports finished successfully
DEBUG loading package: __lang_option
DEBUG loading package: __lang_iterator
DEBUG loading package: __lang_into_iterator
DEBUG: resolve_collected_imports finished successfully
DEBUG: resolve_collected_imports finished successfully
DEBUG loading package: slice
DEBUG loading package: cmp
DEBUG loading package: clone
DEBUG loading package: default
DEBUG loading package: __lang_drop
DEBUG loading package: __lang_option
DEBUG loading package: __lang_iterator
DEBUG loading package: __lang_into_iterator
DEBUG: resolve_collected_imports finished successfully
DEBUG: resolve_imports returning true
Successfully built binaryheap
Building btreemap ...
DEBUG loading package: __alloc_global
DEBUG: resolve_collected_imports finished successfully
DEBUG loading package: vec
DEBUG loading package: __alloc_global
DEBUG loading package: slice
DEBUG loading package: __lang_option
DEBUG loading package: core/panic
DEBUG: resolve_collected_imports finished successfully
DEBUG: resolve_collected_imports finished successfully
DEBUG loading package: __lang_iterator
DEBUG loading package: __lang_option
DEBUG: resolve_collected_imports finished successfully
DEBUG loading package: ptr
DEBUG: resolve_collected_imports finished successfully
DEBUG loading package: mem
DEBUG loading package: ptr
DEBUG: resolve_collected_imports finished successfully
DEBUG loading package: cmp
DEBUG: resolve_collected_imports finished successfully
DEBUG loading package: clone
DEBUG: resolve_collected_imports finished successfully
DEBUG: resolve_collected_imports finished successfully
DEBUG loading package: ptr
DEBUG loading package: mem
DEBUG loading package: clone
DEBUG loading package: cmp
DEBUG loading package: default
DEBUG loading package: __lang_option
DEBUG: resolve_collected_imports finished successfully
DEBUG loading package: __lang_drop
DEBUG: resolve_collected_imports finished successfully
DEBUG loading package: __lang_option
DEBUG loading package: __lang_iterator
DEBUG loading package: __lang_into_iterator
DEBUG: resolve_collected_imports finished successfully
DEBUG: resolve_collected_imports finished successfully
DEBUG loading package: ptr
DEBUG loading package: mem
DEBUG loading package: cmp
DEBUG loading package: clone
DEBUG loading package: default
DEBUG loading package: __lang_drop
DEBUG loading package: __lang_option
DEBUG loading package: __lang_iterator
DEBUG loading package: __lang_into_iterator
DEBUG: resolve_collected_imports finished successfully
DEBUG: resolve_imports returning true
Successfully built btreemap
Building btreeset ...
DEBUG loading package: btreemap
DEBUG loading package: __alloc_global
DEBUG: resolve_collected_imports finished successfully
DEBUG loading package: vec
DEBUG loading package: __alloc_global
DEBUG loading package: slice
DEBUG loading package: __lang_option
DEBUG loading package: core/panic
DEBUG: resolve_collected_imports finished successfully
DEBUG: resolve_collected_imports finished successfully
DEBUG loading package: __lang_iterator
DEBUG loading package: __lang_option
DEBUG: resolve_collected_imports finished successfully
DEBUG loading package: ptr
DEBUG: resolve_collected_imports finished successfully
DEBUG loading package: mem
DEBUG loading package: ptr
DEBUG: resolve_collected_imports finished successfully
DEBUG loading package: cmp
DEBUG: resolve_collected_imports finished successfully
DEBUG loading package: clone
DEBUG: resolve_collected_imports finished successfully
DEBUG: resolve_collected_imports finished successfully
DEBUG loading package: ptr
DEBUG loading package: mem
DEBUG loading package: clone
DEBUG loading package: cmp
DEBUG loading package: default
DEBUG loading package: __lang_option
DEBUG: resolve_collected_imports finished successfully
DEBUG loading package: __lang_drop
DEBUG: resolve_collected_imports finished successfully
DEBUG loading package: __lang_option
DEBUG loading package: __lang_iterator
DEBUG loading package: __lang_into_iterator
DEBUG: resolve_collected_imports finished successfully
DEBUG: resolve_collected_imports finished successfully
DEBUG loading package: ptr
DEBUG loading package: mem
DEBUG loading package: cmp
DEBUG loading package: clone
DEBUG loading package: default
DEBUG loading package: __lang_drop
DEBUG loading package: __lang_option
DEBUG loading package: __lang_iterator
DEBUG loading package: __lang_into_iterator
DEBUG: resolve_collected_imports finished successfully
DEBUG loading package: vec
DEBUG loading package: cmp
DEBUG loading package: clone
DEBUG loading package: default
DEBUG loading package: __lang_drop
DEBUG loading package: __lang_option
DEBUG loading package: __lang_iterator
DEBUG loading package: __lang_into_iterator
DEBUG: resolve_collected_imports finished successfully
DEBUG: resolve_imports returning true
Successfully built btreeset
Building io ...
DEBUG loading package: result
DEBUG loading package: core/panic
DEBUG: resolve_collected_imports finished successfully
DEBUG loading package: __lang_option
DEBUG loading package: core/panic
DEBUG: resolve_collected_imports finished successfully
DEBUG: resolve_collected_imports finished successfully
DEBUG loading package: vec
DEBUG loading package: __alloc_global
DEBUG: resolve_collected_imports finished successfully
DEBUG loading package: slice
DEBUG loading package: __lang_option
DEBUG loading package: __lang_iterator
DEBUG loading package: __lang_option
DEBUG: resolve_collected_imports finished successfully
DEBUG loading package: ptr
DEBUG: resolve_collected_imports finished successfully
DEBUG loading package: mem
DEBUG loading package: ptr
DEBUG: resolve_collected_imports finished successfully
DEBUG loading package: cmp
DEBUG: resolve_collected_imports finished successfully
DEBUG loading package: clone
DEBUG: resolve_collected_imports finished successfully
DEBUG: resolve_collected_imports finished successfully
DEBUG loading package: ptr
DEBUG loading package: mem
DEBUG loading package: clone
DEBUG loading package: cmp
DEBUG loading package: default
DEBUG loading package: __lang_option
DEBUG: resolve_collected_imports finished successfully
DEBUG loading package: __lang_drop
DEBUG: resolve_collected_imports finished successfully
DEBUG loading package: __lang_option
DEBUG loading package: __lang_iterator
DEBUG loading package: __lang_into_iterator
DEBUG: resolve_collected_imports finished successfully
DEBUG: resolve_collected_imports finished successfully
DEBUG loading package: ptr
DEBUG loading package: mem
DEBUG loading package: fmt
DEBUG loading package: result
DEBUG: resolve_collected_imports finished successfully
DEBUG: resolve_collected_imports finished successfully
DEBUG: resolve_imports returning true
Successfully built io
Building iter_collect ...
DEBUG loading package: vec
DEBUG loading package: __alloc_global
DEBUG: resolve_collected_imports finished successfully
DEBUG loading package: slice
DEBUG loading package: __lang_option
DEBUG loading package: core/panic
DEBUG: resolve_collected_imports finished successfully
DEBUG: resolve_collected_imports finished successfully
DEBUG loading package: __lang_iterator
DEBUG loading package: __lang_option
DEBUG: resolve_collected_imports finished successfully
DEBUG loading package: ptr
DEBUG: resolve_collected_imports finished successfully
DEBUG loading package: mem
DEBUG loading package: ptr
DEBUG: resolve_collected_imports finished successfully
DEBUG loading package: cmp
DEBUG: resolve_collected_imports finished successfully
DEBUG loading package: clone
DEBUG: resolve_collected_imports finished successfully
DEBUG: resolve_collected_imports finished successfully
DEBUG loading package: ptr
DEBUG loading package: mem
DEBUG loading package: clone
DEBUG loading package: cmp
DEBUG loading package: default
DEBUG loading package: __lang_option
DEBUG: resolve_collected_imports finished successfully
DEBUG loading package: __lang_drop
DEBUG: resolve_collected_imports finished successfully
DEBUG loading package: __lang_option
DEBUG loading package: __lang_iterator
DEBUG loading package: __lang_into_iterator
DEBUG: resolve_collected_imports finished successfully
DEBUG: resolve_collected_imports finished successfully
DEBUG loading package: hashmap
DEBUG loading package: __raw_table
DEBUG loading package: __alloc_global
DEBUG loading package: ptr
DEBUG loading package: mem
DEBUG loading package: hash
DEBUG: resolve_collected_imports finished successfully
DEBUG loading package: cmp
DEBUG loading package: __lang_drop
DEBUG loading package: __lang_option
DEBUG loading package: __lang_iterator
DEBUG: resolve_collected_imports finished successfully
DEBUG loading package: hash
DEBUG loading package: cmp
DEBUG loading package: clone
DEBUG loading package: default
DEBUG loading package: __lang_option
DEBUG loading package: __lang_iterator
DEBUG loading package: __lang_into_iterator
DEBUG loading package: __lang_drop
DEBUG: resolve_collected_imports finished successfully
DEBUG loading package: hashset
DEBUG loading package: hashmap
DEBUG loading package: default
DEBUG loading package: hash
DEBUG loading package: cmp
DEBUG loading package: clone
DEBUG loading package: __lang_option
DEBUG loading package: __lang_iterator
DEBUG loading package: __lang_into_iterator
DEBUG loading package: __lang_drop
DEBUG: resolve_collected_imports finished successfully
DEBUG loading package: hash
DEBUG loading package: cmp
DEBUG loading package: __lang_iterator
DEBUG loading package: __lang_option
DEBUG: resolve_collected_imports finished successfully
DEBUG: resolve_imports returning true
Successfully built iter_collect
Building string ...
DEBUG loading package: vec
DEBUG loading package: __alloc_global
DEBUG: resolve_collected_imports finished successfully
DEBUG loading package: slice
DEBUG loading package: __lang_option
DEBUG loading package: core/panic
DEBUG: resolve_collected_imports finished successfully
DEBUG: resolve_collected_imports finished successfully
DEBUG loading package: __lang_iterator
DEBUG loading package: __lang_option
DEBUG: resolve_collected_imports finished successfully
DEBUG loading package: ptr
DEBUG: resolve_collected_imports finished successfully
DEBUG loading package: mem
DEBUG loading package: ptr
DEBUG: resolve_collected_imports finished successfully
DEBUG loading package: cmp
DEBUG: resolve_collected_imports finished successfully
DEBUG loading package: clone
DEBUG: resolve_collected_imports finished successfully
DEBUG: resolve_collected_imports finished successfully
DEBUG loading package: ptr
DEBUG loading package: mem
DEBUG loading package: clone
DEBUG loading package: cmp
DEBUG loading package: default
DEBUG loading package: __lang_option
DEBUG: resolve_collected_imports finished successfully
DEBUG loading package: __lang_drop
DEBUG: resolve_collected_imports finished successfully
DEBUG loading package: __lang_option
DEBUG loading package: __lang_iterator
DEBUG loading package: __lang_into_iterator
DEBUG: resolve_collected_imports finished successfully
DEBUG: resolve_collected_imports finished successfully
DEBUG loading package: default
DEBUG loading package: core/panic
DEBUG loading package: ptr
DEBUG loading package: mem
DEBUG loading package: __lang_option
DEBUG loading package: __lang_drop
DEBUG loading package: __lang_iterator
DEBUG loading package: __lang_into_iterator
DEBUG loading package: fmt
DEBUG loading package: result
DEBUG loading package: core/panic
DEBUG loading package: __lang_option
DEBUG: resolve_collected_imports finished successfully
DEBUG: resolve_collected_imports finished successfully
DEBUG loading package: result
DEBUG loading package: clone
DEBUG loading package: cmp
DEBUG loading package: hash
DEBUG: resolve_collected_imports finished successfully
DEBUG: resolve_collected_imports finished successfully
DEBUG: resolve_imports returning true
Successfully built string
Building encoding ...
DEBUG loading package: vec
DEBUG loading package: __alloc_global
DEBUG: resolve_collected_imports finished successfully
DEBUG loading package: slice
DEBUG loading package: __lang_option
DEBUG loading package: core/panic
DEBUG: resolve_collected_imports finished successfully
DEBUG: resolve_collected_imports finished successfully
DEBUG loading package: __lang_iterator
DEBUG loading package: __lang_option
DEBUG: resolve_collected_imports finished successfully
DEBUG loading package: ptr
DEBUG: resolve_collected_imports finished successfully
DEBUG loading package: mem
DEBUG loading package: ptr
DEBUG: resolve_collected_imports finished successfully
DEBUG loading package: cmp
DEBUG: resolve_collected_imports finished successfully
DEBUG loading package: clone
DEBUG: resolve_collected_imports finished successfully
DEBUG: resolve_collected_imports finished successfully
DEBUG loading package: ptr
DEBUG loading package: mem
DEBUG loading package: clone
DEBUG loading package: cmp
DEBUG loading package: default
DEBUG loading package: __lang_option
DEBUG: resolve_collected_imports finished successfully
DEBUG loading package: __lang_drop
DEBUG: resolve_collected_imports finished successfully
DEBUG loading package: __lang_option
DEBUG loading package: __lang_iterator
DEBUG loading package: __lang_into_iterator
DEBUG: resolve_collected_imports finished successfully
DEBUG: resolve_collected_imports finished successfully
DEBUG loading package: string
DEBUG loading package: vec
DEBUG loading package: default
DEBUG loading package: core/panic
DEBUG loading package: ptr
DEBUG loading package: mem
DEBUG loading package: __lang_option
DEBUG loading package: __lang_drop
DEBUG loading package: __lang_iterator
DEBUG loading package: __lang_into_iterator
DEBUG loading package: fmt
DEBUG loading package: result
DEBUG loading package: core/panic
DEBUG loading package: __lang_option
DEBUG: resolve_collected_imports finished successfully
DEBUG: resolve_collected_imports finished successfully
DEBUG loading package: result
DEBUG loading package: clone
DEBUG loading package: cmp
DEBUG loading package: hash
DEBUG: resolve_collected_imports finished successfully
DEBUG: resolve_collected_imports finished successfully
DEBUG loading package: result
DEBUG loading package: __lang_option
DEBUG: resolve_collected_imports finished successfully
DEBUG: resolve_imports returning true
Successfully built encoding
Building crypto ...
DEBUG loading package: vec
DEBUG loading package: __alloc_global
DEBUG: resolve_collected_imports finished successfully
DEBUG loading package: slice
DEBUG loading package: __lang_option
DEBUG loading package: core/panic
DEBUG: resolve_collected_imports finished successfully
DEBUG: resolve_collected_imports finished successfully
DEBUG loading package: __lang_iterator
DEBUG loading package: __lang_option
DEBUG: resolve_collected_imports finished successfully
DEBUG loading package: ptr
DEBUG: resolve_collected_imports finished successfully
DEBUG loading package: mem
DEBUG loading package: ptr
DEBUG: resolve_collected_imports finished successfully
DEBUG loading package: cmp
DEBUG: resolve_collected_imports finished successfully
DEBUG loading package: clone
DEBUG: resolve_collected_imports finished successfully
DEBUG: resolve_collected_imports finished successfully
DEBUG loading package: ptr
DEBUG loading package: mem
DEBUG loading package: clone
DEBUG loading package: cmp
DEBUG loading package: default
DEBUG loading package: __lang_option
DEBUG: resolve_collected_imports finished successfully
DEBUG loading package: __lang_drop
DEBUG: resolve_collected_imports finished successfully
DEBUG loading package: __lang_option
DEBUG loading package: __lang_iterator
DEBUG loading package: __lang_into_iterator
DEBUG: resolve_collected_imports finished successfully
DEBUG: resolve_collected_imports finished successfully
DEBUG loading package: string
DEBUG loading package: vec
DEBUG loading package: default
DEBUG loading package: core/panic
DEBUG loading package: ptr
DEBUG loading package: mem
DEBUG loading package: __lang_option
DEBUG loading package: __lang_drop
DEBUG loading package: __lang_iterator
DEBUG loading package: __lang_into_iterator
DEBUG loading package: fmt
DEBUG loading package: result
DEBUG loading package: core/panic
DEBUG loading package: __lang_option
DEBUG: resolve_collected_imports finished successfully
DEBUG: resolve_collected_imports finished successfully
DEBUG loading package: result
DEBUG loading package: clone
DEBUG loading package: cmp
DEBUG loading package: hash
DEBUG: resolve_collected_imports finished successfully
DEBUG: resolve_collected_imports finished successfully
DEBUG loading package: encoding
DEBUG loading package: vec
DEBUG loading package: string
DEBUG loading package: result
DEBUG loading package: __lang_option
DEBUG: resolve_collected_imports finished successfully
DEBUG loading package: slice
DEBUG loading package: result
DEBUG: resolve_collected_imports finished successfully
DEBUG: resolve_imports returning true
Successfully built crypto
Building file ...
DEBUG loading package: result
DEBUG loading package: core/panic
DEBUG: resolve_collected_imports finished successfully
DEBUG loading package: __lang_option
DEBUG loading package: core/panic
DEBUG: resolve_collected_imports finished successfully
DEBUG: resolve_collected_imports finished successfully
DEBUG loading package: vec
DEBUG loading package: __alloc_global
DEBUG: resolve_collected_imports finished successfully
DEBUG loading package: slice
DEBUG loading package: __lang_option
DEBUG loading package: __lang_iterator
DEBUG loading package: __lang_option
DEBUG: resolve_collected_imports finished successfully
DEBUG loading package: ptr
DEBUG: resolve_collected_imports finished successfully
DEBUG loading package: mem
DEBUG loading package: ptr
DEBUG: resolve_collected_imports finished successfully
DEBUG loading package: cmp
DEBUG: resolve_collected_imports finished successfully
DEBUG loading package: clone
DEBUG: resolve_collected_imports finished successfully
DEBUG: resolve_collected_imports finished successfully
DEBUG loading package: ptr
DEBUG loading package: mem
DEBUG loading package: clone
DEBUG loading package: cmp
DEBUG loading package: default
DEBUG loading package: __lang_option
DEBUG: resolve_collected_imports finished successfully
DEBUG loading package: __lang_drop
DEBUG: resolve_collected_imports finished successfully
DEBUG loading package: __lang_option
DEBUG loading package: __lang_iterator
DEBUG loading package: __lang_into_iterator
DEBUG: resolve_collected_imports finished successfully
DEBUG: resolve_collected_imports finished successfully
DEBUG loading package: string
DEBUG loading package: vec
DEBUG loading package: default
DEBUG loading package: core/panic
DEBUG loading package: ptr
DEBUG loading package: mem
DEBUG loading package: __lang_option
DEBUG loading package: __lang_drop
DEBUG loading package: __lang_iterator
DEBUG loading package: __lang_into_iterator
DEBUG loading package: fmt
DEBUG loading package: result
DEBUG: resolve_collected_imports finished successfully
DEBUG loading package: result
DEBUG loading package: clone
DEBUG loading package: cmp
DEBUG loading package: hash
DEBUG: resolve_collected_imports finished successfully
DEBUG: resolve_collected_imports finished successfully
DEBUG loading package: ptr
DEBUG loading package: mem
DEBUG loading package: __alloc_global
DEBUG loading package: fmt
DEBUG: resolve_collected_imports finished successfully
DEBUG: resolve_imports returning true
Successfully built file
Building json ...
DEBUG loading package: vec
DEBUG loading package: __alloc_global
DEBUG: resolve_collected_imports finished successfully
DEBUG loading package: slice
DEBUG loading package: __lang_option
DEBUG loading package: core/panic
DEBUG: resolve_collected_imports finished successfully
DEBUG: resolve_collected_imports finished successfully
DEBUG loading package: __lang_iterator
DEBUG loading package: __lang_option
DEBUG: resolve_collected_imports finished successfully
DEBUG loading package: ptr
DEBUG: resolve_collected_imports finished successfully
DEBUG loading package: mem
DEBUG loading package: ptr
DEBUG: resolve_collected_imports finished successfully
DEBUG loading package: cmp
DEBUG: resolve_collected_imports finished successfully
DEBUG loading package: clone
DEBUG: resolve_collected_imports finished successfully
DEBUG: resolve_collected_imports finished successfully
DEBUG loading package: ptr
DEBUG loading package: mem
DEBUG loading package: clone
DEBUG loading package: cmp
DEBUG loading package: default
DEBUG loading package: __lang_option
DEBUG: resolve_collected_imports finished successfully
DEBUG loading package: __lang_drop
DEBUG: resolve_collected_imports finished successfully
DEBUG loading package: __lang_option
DEBUG loading package: __lang_iterator
DEBUG loading package: __lang_into_iterator
DEBUG: resolve_collected_imports finished successfully
DEBUG: resolve_collected_imports finished successfully
DEBUG loading package: string
DEBUG loading package: vec
DEBUG loading package: default
DEBUG loading package: core/panic
DEBUG loading package: ptr
DEBUG loading package: mem
DEBUG loading package: __lang_option
DEBUG loading package: __lang_drop
DEBUG loading package: __lang_iterator
DEBUG loading package: __lang_into_iterator
DEBUG loading package: fmt
DEBUG loading package: result
DEBUG loading package: core/panic
DEBUG loading package: __lang_option
DEBUG: resolve_collected_imports finished successfully
DEBUG: resolve_collected_imports finished successfully
DEBUG loading package: result
DEBUG loading package: clone
DEBUG loading package: cmp
DEBUG loading package: hash
DEBUG: resolve_collected_imports finished successfully
DEBUG: resolve_collected_imports finished successfully
DEBUG loading package: result
DEBUG loading package: __lang_option
DEBUG: resolve_collected_imports finished successfully
DEBUG: resolve_imports returning true
Successfully built json
Building path ...
DEBUG loading package: vec
DEBUG loading package: __alloc_global
DEBUG: resolve_collected_imports finished successfully
DEBUG loading package: slice
DEBUG loading package: __lang_option
DEBUG loading package: core/panic
DEBUG: resolve_collected_imports finished successfully
DEBUG: resolve_collected_imports finished successfully
DEBUG loading package: __lang_iterator
DEBUG loading package: __lang_option
DEBUG: resolve_collected_imports finished successfully
DEBUG loading package: ptr
DEBUG: resolve_collected_imports finished successfully
DEBUG loading package: mem
DEBUG loading package: ptr
DEBUG: resolve_collected_imports finished successfully
DEBUG loading package: cmp
DEBUG: resolve_collected_imports finished successfully
DEBUG loading package: clone
DEBUG: resolve_collected_imports finished successfully
DEBUG: resolve_collected_imports finished successfully
DEBUG loading package: ptr
DEBUG loading package: mem
DEBUG loading package: clone
DEBUG loading package: cmp
DEBUG loading package: default
DEBUG loading package: __lang_option
DEBUG: resolve_collected_imports finished successfully
DEBUG loading package: __lang_drop
DEBUG: resolve_collected_imports finished successfully
DEBUG loading package: __lang_option
DEBUG loading package: __lang_iterator
DEBUG loading package: __lang_into_iterator
DEBUG: resolve_collected_imports finished successfully
DEBUG: resolve_collected_imports finished successfully
DEBUG loading package: string
DEBUG loading package: vec
DEBUG loading package: default
DEBUG loading package: core/panic
DEBUG loading package: ptr
DEBUG loading package: mem
DEBUG loading package: __lang_option
DEBUG loading package: __lang_drop
DEBUG loading package: __lang_iterator
DEBUG loading package: __lang_into_iterator
DEBUG loading package: fmt
DEBUG loading package: result
DEBUG loading package: core/panic
DEBUG loading package: __lang_option
DEBUG: resolve_collected_imports finished successfully
DEBUG: resolve_collected_imports finished successfully
DEBUG loading package: result
DEBUG loading package: clone
DEBUG loading package: cmp
DEBUG loading package: hash
DEBUG: resolve_collected_imports finished successfully
DEBUG: resolve_collected_imports finished successfully
DEBUG loading package: clone
DEBUG: resolve_collected_imports finished successfully
DEBUG: resolve_imports returning true
Successfully built path
Building vecdeque ...
DEBUG loading package: __alloc_global
DEBUG: resolve_collected_imports finished successfully
DEBUG loading package: ptr
DEBUG: resolve_collected_imports finished successfully
DEBUG loading package: mem
DEBUG loading package: ptr
DEBUG: resolve_collected_imports finished successfully
DEBUG loading package: clone
DEBUG: resolve_collected_imports finished successfully
DEBUG loading package: cmp
DEBUG: resolve_collected_imports finished successfully
DEBUG loading package: default
DEBUG loading package: __lang_option
DEBUG loading package: core/panic
DEBUG: resolve_collected_imports finished successfully
DEBUG: resolve_collected_imports finished successfully
DEBUG: resolve_collected_imports finished successfully
DEBUG loading package: __lang_drop
DEBUG: resolve_collected_imports finished successfully
DEBUG loading package: __lang_option
DEBUG loading package: __lang_iterator
DEBUG loading package: __lang_option
DEBUG: resolve_collected_imports finished successfully
DEBUG loading package: __lang_into_iterator
DEBUG: resolve_collected_imports finished successfully
DEBUG: resolve_collected_imports finished successfully
DEBUG: resolve_imports returning true
Successfully built vecdeque
Sysroot built successfully.
