=== EXIT CODE ===
0
=== STDOUT ===
[DEBUG resolvePath] Resolving path starting with 's'
[DEBUG resolvePath] resolve('s') returned 1 syms. First id=21
[DEBUG resolvePath] Resolving path starting with 'StringData'
[DEBUG resolvePath] resolve('StringData') returned 1 syms. First id=18
[DEBUG resolvePath] Resolving path starting with 'consume'
[DEBUG resolvePath] resolve('consume') returned 1 syms. First id=20
[DEBUG resolvePath] Resolving path starting with 's'
[DEBUG resolvePath] resolve('s') returned 1 syms. First id=23
[DEBUG resolvePath] Resolving path starting with 'f'
[DEBUG resolvePath] resolve('f') returned 1 syms. First id=24
Solving constraint: int_32 == ?T0
Solving constraint: int_32 == int_32
Solving constraint: fn(Struct<18>) -> int_32 == fn(s: Struct<18>) -> int_32
Solving constraint: fn() -> ?T2 == [closure@25]
Solving constraint: int_32 == ?T2
[DEBUG Semantic] Analyzing function: @consume
[DEBUG Semantic] Analyzing function: @main
[DEBUG Semantic] Analyzing function: @__LambdaFunc_1741795606528
; ModuleID = 'D:\fdlang\tests\borrow\test_closure_move.ms'
source_filename = "D:\\fdlang\\tests\\borrow\\test_closure_move.ms"

%StringData = type { i32 }

define i32 @consume(%StringData %"0") {
entry0:
  %"1" = alloca %StringData, align 8
  store %StringData %"0", ptr %"1", align 4
  %fld = getelementptr inbounds %StringData, ptr %"1", i32 0, i32 0
  %"2" = load i32, ptr %fld, align 4
  ret i32 %"2"
}

define i32 @main() {
entry0:
  %"0" = alloca %StringData, align 8
  %"1" = alloca %StringData, align 8
  %"3" = alloca { ptr, %StringData }, align 8
  %"4" = alloca { ptr, %StringData }, align 8
  %"8" = alloca { ptr, %StringData }, align 8
  %fld = getelementptr inbounds %StringData, ptr %"1", i32 0, i32 0
  store i32 42, ptr %fld, align 4
  %"2" = load %StringData, ptr %"1", align 4
  store %StringData %"2", ptr %"0", align 4
  %fld1 = getelementptr inbounds { ptr, %StringData }, ptr %"4", i32 0, i32 0
  store ptr @__LambdaFunc_1741795606528, ptr %fld1, align 8
  %"5" = load %StringData, ptr %"0", align 4
  %fld2 = getelementptr inbounds { ptr, %StringData }, ptr %"4", i32 0, i32 1
  store %StringData %"5", ptr %fld2, align 4
  %"6" = load { ptr, %StringData }, ptr %"4", align 8
  store { ptr, %StringData } %"6", ptr %"3", align 8
  %"7" = load { ptr, %StringData }, ptr %"3", align 8
  store { ptr, %StringData } %"7", ptr %"8", align 8
  %fld3 = getelementptr inbounds { ptr, %StringData }, ptr %"8", i32 0, i32 0
  %"9" = load ptr, ptr %fld3, align 8
  %"10" = call i32 %"9"(ptr %"8")
  ret i32 %"10"
}

define i32 @__LambdaFunc_1741795606528(ptr %"0") {
entry0:
  %"1" = alloca ptr, align 8
  %"2" = alloca %StringData, align 8
  store ptr %"0", ptr %"1", align 8
  %fld = getelementptr inbounds { ptr, %StringData }, ptr %"0", i32 0, i32 1
  %"3" = load %StringData, ptr %fld, align 4
  store %StringData %"3", ptr %"2", align 4
  %"4" = load %StringData, ptr %"2", align 4
  %"5" = call i32 @consume(%StringData %"4")
  ret i32 %"5"
}

define linkonce i1 @mellis_coro_is_done(ptr %0) {
entry:
  %1 = call i1 @llvm.coro.done(ptr %0)
  ret i1 %1
}

; Function Attrs: nounwind memory(argmem: readwrite)
declare i1 @llvm.coro.done(ptr nocapture readonly) #0

define linkonce void @mellis_coro_resume(ptr %0) {
entry:
  call void @llvm.coro.resume(ptr %0)
  ret void
}

declare void @llvm.coro.resume(ptr)

attributes #0 = { nounwind memory(argmem: readwrite) }

=== FORCE DUMP LLVM IR ===
=== STDERR ===
[DEBUG SymbolTable] declareSymbol id=0 name='uint_4' kind=12 scope=0
[DEBUG SymbolTable] declareSymbol id=1 name='uint_8' kind=12 scope=0
[DEBUG SymbolTable] declareSymbol id=2 name='uint_16' kind=12 scope=0
[DEBUG SymbolTable] declareSymbol id=3 name='uint_32' kind=12 scope=0
[DEBUG SymbolTable] declareSymbol id=4 name='uint_64' kind=12 scope=0
[DEBUG SymbolTable] declareSymbol id=5 name='uint_128' kind=12 scope=0
[DEBUG SymbolTable] declareSymbol id=6 name='int_4' kind=12 scope=0
[DEBUG SymbolTable] declareSymbol id=7 name='int_8' kind=12 scope=0
[DEBUG SymbolTable] declareSymbol id=8 name='int_16' kind=12 scope=0
[DEBUG SymbolTable] declareSymbol id=9 name='int_32' kind=12 scope=0
[DEBUG SymbolTable] declareSymbol id=10 name='int_64' kind=12 scope=0
[DEBUG SymbolTable] declareSymbol id=11 name='int_128' kind=12 scope=0
[DEBUG SymbolTable] declareSymbol id=12 name='float_32' kind=12 scope=0
[DEBUG SymbolTable] declareSymbol id=13 name='float_64' kind=12 scope=0
[DEBUG SymbolTable] declareSymbol id=14 name='bool' kind=12 scope=0
[DEBUG SymbolTable] declareSymbol id=15 name='char' kind=12 scope=0
[DEBUG SymbolTable] declareSymbol id=16 name='str' kind=12 scope=0
[INSTRUMENT] TypeContext Created
[DEBUG] current type=54 peek type=43
[DEBUG] MacroResolver visiting VarDeclNode
[DEBUG] MacroResolver visiting VarDeclNode
[DEBUG SymbolTable] declareSymbol id=17 name='void' kind=12 scope=0
[DEBUG] Resolver::visit(StructDeclNode) name='StringData' symbolId=4294967295 this=000001958B1B2920 line=1
[DEBUG SymbolTable] declareSymbol id=18 name='StringData' kind=5 scope=0
[DEBUG SymbolTable] declareSymbol id=19 name='length' kind=8 scope=1
[DEBUG SymbolTable] declareSymbol id=20 name='consume' kind=4 scope=0
[DEBUG SymbolTable] declareSymbol id=21 name='s' kind=3 scope=2
[DEBUG SymbolTable] declareSymbol id=22 name='main' kind=4 scope=0
[DEBUG] Resolver::resolve: Running pass2.
[DEBUG Resolver NamedTypeNode] Resolved path length for segment[0] 'int_32': i=1, currentSym=9
[DEBUG] Resolving function: consume
[DEBUG Resolver NamedTypeNode] Resolved path length for segment[0] 'int_32': i=1, currentSym=9
[DEBUG Resolver NamedTypeNode] Resolved path length for segment[0] 'StringData': i=1, currentSym=18
[DEBUG] Resolving identifier: s
[DEBUG] Finished resolvePath for s
[DEBUG] Resolving function: main
[DEBUG Resolver NamedTypeNode] Resolved path length for segment[0] 'int_32': i=1, currentSym=9
[DEBUG SymbolTable] declareSymbol id=23 name='s' kind=0 scope=5
[DEBUG SymbolTable] declareSymbol id=24 name='f' kind=0 scope=5
[DEBUG Resolver NamedTypeNode] Resolved path length for segment[0] 'int_32': i=1, currentSym=9
[DEBUG] Resolving identifier: consume
[DEBUG] Finished resolvePath for consume
[DEBUG] Resolving identifier: s
[DEBUG] Finished resolvePath for s
[DEBUG] Resolving identifier: f
[DEBUG] Finished resolvePath for f
[DEBUG] Resolver finished!
[DEBUG] Creating TypeChecker...
[DEBUG] Creating MonomorphizationEngine...
[DEBUG] Attaching MLibMetadataCache...
[DEBUG] Calling TypeChecker::check...
[DEBUG] injectedGenerics size=0
[DEBUG] TypePrePass visiting ProgramNode with 3 items
[DEBUG] item kind: class fl::StructDeclNode
[DEBUG] TypePrePass::visit(StructDeclNode) name='StringData' symbolId=18 bodyScopeId=1
[DEBUG]   field='length' bodyScopeId=1 optId.empty()=0 symbolId=19
[DEBUG] evaluateTypeNode called on class fl::NamedTypeNode
[DEBUG] NamedTypeNode segment[0]: 'int_32' symbolId=9
[DEBUG]     evaluated type: int_32
[DEBUG] item kind: class fl::FunctionDeclNode
[DEBUG] TypePrePass::visit(FunctionDeclNode) name='consume' symbolId=20
[DEBUG] evaluateTypeNode called on class fl::NamedTypeNode
[DEBUG] NamedTypeNode segment[0]: 'StringData' symbolId=18
[DEBUG self] Evaluated param->type for s -> 1
[DEBUG] evaluateTypeNode called on class fl::NamedTypeNode
[DEBUG] NamedTypeNode segment[0]: 'int_32' symbolId=9
[DEBUG] item kind: class fl::FunctionDeclNode
[DEBUG] TypePrePass::visit(FunctionDeclNode) name='main' symbolId=22
[DEBUG] evaluateTypeNode called on class fl::NamedTypeNode
[DEBUG] NamedTypeNode segment[0]: 'int_32' symbolId=9
[DEBUG] Starting ConstraintGenerator
[DEBUG] CG visiting ProgramNode
[DEBUG] CG visiting item: class fl::StructDeclNode
[DEBUG] CG visiting item: class fl::FunctionDeclNode
[DEBUG] ConstraintGen::visit(IdentifierExpr) symId=4294967295 overloads=1
[DEBUG] ConstraintGen::visit(IdentifierExpr) overload[0]=21 name=s tableSize=25
[DEBUG] ConstraintGen::visit(IdentifierExpr) baseType ptr=000001958B1E68B0 kind=1
[DEBUG] ConstraintGen::visit(IdentifierExpr) cast1
[DEBUG] ConstraintGen::visit(IdentifierExpr) before if (enumTy)
[DEBUG] ConstraintGen::visit(IdentifierExpr) inside else
[DEBUG] ConstraintGen::visit(IdentifierExpr) got sym
[DEBUG] ConstraintGen::visit(IdentifierExpr) assigning inferredType
[DEBUG] ConstraintGen::visit(IdentifierExpr) FINISHED for symId=4294967295
[DEBUG] CG visiting item: class fl::FunctionDeclNode
[DEBUG] StructInitExpr sym kind=5 name=StringData
[DEBUG] ConstraintGen::visit(IdentifierPatternNode) symId=23 expectedType=000001958B1E68B0
[DEBUG] evaluateTypeNode called on class fl::NamedTypeNode
[DEBUG] NamedTypeNode segment[0]: 'int_32' symbolId=9
[DEBUG] ConstraintGen::visit(CallExpr)
[DEBUG] ConstraintGen::visit(CallExpr) callee is NOT NULL. Type=class fl::IdentifierExpr
[DEBUG] ConstraintGen::visit(IdentifierExpr) symId=4294967295 overloads=1
[DEBUG] ConstraintGen::visit(IdentifierExpr) overload[0]=20 name=consume tableSize=25
[DEBUG] ConstraintGen::visit(IdentifierExpr) baseType ptr=000001958B1E5AC0 kind=3
[DEBUG] ConstraintGen::visit(IdentifierExpr) cast1
[DEBUG] ConstraintGen::visit(IdentifierExpr) cast2
[DEBUG] ConstraintGen::visit(IdentifierExpr) cast3
[DEBUG] ConstraintGen::visit(IdentifierExpr) before if (enumTy)
[DEBUG] ConstraintGen::visit(IdentifierExpr) inside else
[DEBUG] ConstraintGen::visit(IdentifierExpr) got sym
[DEBUG] ConstraintGen::visit(IdentifierExpr) inside inner if
[DEBUG] ConstraintGen::visit(IdentifierExpr) assigning inferredType
[DEBUG] ConstraintGen::visit(IdentifierExpr) FINISHED for symId=4294967295
[DEBUG] ConstraintGen::visit(CallExpr) callee accepted
[DEBUG] ConstraintGen::visit(IdentifierExpr) symId=4294967295 overloads=1
[DEBUG] ConstraintGen::visit(IdentifierExpr) overload[0]=23 name=s tableSize=25
[DEBUG] ConstraintGen::visit(IdentifierExpr) baseType ptr=000001958B1E68B0 kind=1
[DEBUG] ConstraintGen::visit(IdentifierExpr) cast1
[DEBUG] ConstraintGen::visit(IdentifierExpr) before if (enumTy)
[DEBUG] ConstraintGen::visit(IdentifierExpr) inside else
[DEBUG] ConstraintGen::visit(IdentifierExpr) got sym
[DEBUG] ConstraintGen::visit(IdentifierExpr) assigning inferredType
[DEBUG] ConstraintGen::visit(IdentifierExpr) FINISHED for symId=4294967295
[DEBUG SymbolTable] declareSymbol id=25 name='__Closure_1741795606528' kind=5 scope=0
[DEBUG SymbolTable] declareSymbol id=26 name='__LambdaFunc_1741795606528' kind=4 scope=0
[DEBUG] ConstraintGen::visit(IdentifierPatternNode) symId=24 expectedType=000001958B1D4360
[DEBUG] ConstraintGen::visit(CallExpr)
[DEBUG] ConstraintGen::visit(CallExpr) callee is NOT NULL. Type=class fl::IdentifierExpr
[DEBUG] ConstraintGen::visit(IdentifierExpr) symId=4294967295 overloads=1
[DEBUG] ConstraintGen::visit(IdentifierExpr) overload[0]=24 name=f tableSize=25
[DEBUG] ConstraintGen::visit(IdentifierExpr) baseType ptr=000001958B1D4360 kind=17
[DEBUG] ConstraintGen::visit(IdentifierExpr) cast1
[DEBUG] ConstraintGen::visit(IdentifierExpr) before if (enumTy)
[DEBUG] ConstraintGen::visit(IdentifierExpr) inside else
[DEBUG] ConstraintGen::visit(IdentifierExpr) got sym
[DEBUG] ConstraintGen::visit(IdentifierExpr) assigning inferredType
[DEBUG] ConstraintGen::visit(IdentifierExpr) FINISHED for symId=4294967295
[DEBUG] ConstraintGen::visit(CallExpr) callee accepted
[DEBUG] Starting UnificationEngine
[DEBUG Field] Found StructType symbol=18 name=StringData
[DEBUG Field] Checking struct field: length
[DEBUG Field] Solved field constraint!
[DEBUG] Starting TypeResolver
[DEBUG] CG visiting ProgramNode
[DEBUG] CG visiting item: class fl::StructDeclNode
[DEBUG] CG visiting item: class fl::FunctionDeclNode
[DEBUG] CG visiting item: class fl::FunctionDeclNode
[DEBUG CallExpr] gFn->genericParams.size() = 0
[PHASE] TypeChecker done, tcOk=1
[PHASE] Injecting specialized ASTs...
[PHASE] Specialized ASTs injected
[PHASE] ComptimeEval done, ok=1
[PHASE] MatchAnalyzer done, ok=1
[PHASE] MVIRGenerator starting
[DEBUG MVIRGenerator] visiting item[0] typeid=class fl::StructDeclNode
[DEBUG MVIRGenerator] done item[0]
[DEBUG MVIRGenerator] visiting item[1] typeid=class fl::FunctionDeclNode
[DEBUG pushLocalInst] Inserting LocalInst for %1 into entry block entry0
[DEBUG] MVIRGenerator: visiting ReturnStmtNode for function @consume
[DEBUG] MVIRGenerator: returning operand %2
[DEBUG MVIRGenerator] done item[1]
[DEBUG MVIRGenerator] visiting item[2] typeid=class fl::FunctionDeclNode
[DEBUG] VarDeclNode type kind: 1
[DEBUG pushLocalInst] Inserting LocalInst for %0 into entry block entry0
[DEBUG pushLocalInst] Inserting LocalInst for %1 into entry block entry0
[DEBUG] VarDeclNode type kind: 17
[DEBUG] VarDeclNode is NOT Heap!
[DEBUG pushLocalInst] Inserting LocalInst for %3 into entry block entry0
[DEBUG pushLocalInst] Inserting LocalInst for %1 into entry block entry0
[DEBUG pushLocalInst] Inserting LocalInst for %2 into entry block entry0
[DEBUG MVIRGenerator] ClosureExpr block needs terminator! emitting drops for size=1
[DEBUG pushLocalInst] Inserting LocalInst for %4 into entry block entry0
[DEBUG] MVIRGenerator: visiting ReturnStmtNode for function @main
[DEBUG pushLocalInst] Inserting LocalInst for %8 into entry block entry0
[DEBUG] MVIRGenerator: returning operand %10
[DEBUG MVIRGenerator] done item[2]
[PHASE] MVIRGenerator done
[DEBUG MoveAnalyzer] %0 is marked MOVED in StoreInst!
[DEBUG MoveAnalyzer] %1 is marked MOVED in StoreInst!
[DEBUG MoveAnalyzer] %0 is marked MOVED in StoreInst!
[DEBUG MoveAnalyzer] %4 is marked MOVED in StoreInst!
[DEBUG MoveAnalyzer] %3 is marked MOVED in StoreInst!
[DEBUG MoveAnalyzer] %8 is marked MOVED in CallInst!
[DEBUG MoveAnalyzer] %0.1 is marked MOVED in StoreInst!
[DEBUG MoveAnalyzer] %2 is marked MOVED in CallInst!
[DEBUG MoveAnalyzer] %0 is marked MOVED in StoreInst!
[DEBUG MoveAnalyzer] %0 is marked MOVED in StoreInst!
[DEBUG MoveAnalyzer] %1 is marked MOVED in StoreInst!
[DEBUG MoveAnalyzer] %0 is marked MOVED in StoreInst!
[DEBUG MoveAnalyzer] %4 is marked MOVED in StoreInst!
[DEBUG MoveAnalyzer] %3 is marked MOVED in StoreInst!
[DEBUG MoveAnalyzer] %8 is marked MOVED in CallInst!
[DEBUG MoveAnalyzer] %1 is marked MOVED in StoreInst!
[DEBUG MoveAnalyzer] %0 is marked MOVED in StoreInst!
[DEBUG MoveAnalyzer] %4 is marked MOVED in StoreInst!
[DEBUG MoveAnalyzer] %3 is marked MOVED in StoreInst!
[DEBUG MoveAnalyzer] %8 is marked MOVED in CallInst!
[DEBUG MoveAnalyzer] %0.1 is marked MOVED in StoreInst!
[DEBUG MoveAnalyzer] %2 is marked MOVED in CallInst!
[DEBUG MoveAnalyzer] %0.1 is marked MOVED in StoreInst!
[DEBUG MoveAnalyzer] %2 is marked MOVED in CallInst!
[DEBUG LLVMIRGenerator] emitting instruction type: struct fl::mvir::LocalInst
[DEBUG LLVMIRGenerator] emitting instruction type: struct fl::mvir::StoreInst
[DEBUG LLVMIRGenerator] emitting instruction type: struct fl::mvir::LoadInst
[DEBUG] Added LoadInst dest to localValues: %2 (type: 13)
[DEBUG LLVMIRGenerator] emitting instruction type: struct fl::mvir::LocalInst
[DEBUG LLVMIRGenerator] emitting instruction type: struct fl::mvir::LocalInst
[DEBUG LLVMIRGenerator] emitting instruction type: struct fl::mvir::LocalInst
[DEBUG LLVMIRGenerator] emitting instruction type: struct fl::mvir::LocalInst
[DEBUG LLVMIRGenerator] emitting instruction type: struct fl::mvir::LocalInst
[DEBUG LLVMIRGenerator] emitting instruction type: struct fl::mvir::StoreInst
[DEBUG LLVMIRGenerator] emitting instruction type: struct fl::mvir::LoadInst
[DEBUG] Added LoadInst dest to localValues: %2 (type: 16)
[DEBUG LLVMIRGenerator] emitting instruction type: struct fl::mvir::StoreInst
[DEBUG LLVMIRGenerator] emitting instruction type: struct fl::mvir::StoreInst
[DEBUG LLVMIRGenerator] emitting instruction type: struct fl::mvir::LoadInst
[DEBUG] Added LoadInst dest to localValues: %5 (type: 16)
[DEBUG LLVMIRGenerator] emitting instruction type: struct fl::mvir::StoreInst
[DEBUG LLVMIRGenerator] emitting instruction type: struct fl::mvir::LoadInst
[DEBUG] Added LoadInst dest to localValues: %6 (type: 16)
[DEBUG LLVMIRGenerator] emitting instruction type: struct fl::mvir::StoreInst
[DEBUG LLVMIRGenerator] emitting instruction type: struct fl::mvir::LoadInst
[DEBUG] Added LoadInst dest to localValues: %7 (type: 16)
[DEBUG LLVMIRGenerator] emitting instruction type: struct fl::mvir::StoreInst
[DEBUG LLVMIRGenerator] emitting instruction type: struct fl::mvir::LoadInst
[DEBUG] Added LoadInst dest to localValues: %9 (type: 15)
[DEBUG LLVMIRGenerator] emitting instruction type: struct fl::mvir::CallInst
[DEBUG LLVMIRGenerator] emitting instruction type: struct fl::mvir::LocalInst
[DEBUG LLVMIRGenerator] emitting instruction type: struct fl::mvir::LocalInst
[DEBUG LLVMIRGenerator] emitting instruction type: struct fl::mvir::StoreInst
[DEBUG LLVMIRGenerator] emitting instruction type: struct fl::mvir::LoadInst
[DEBUG] Added LoadInst dest to localValues: %3 (type: 16)
[DEBUG LLVMIRGenerator] emitting instruction type: struct fl::mvir::StoreInst
[DEBUG LLVMIRGenerator] emitting instruction type: struct fl::mvir::LoadInst
[DEBUG] Added LoadInst dest to localValues: %4 (type: 16)
[DEBUG LLVMIRGenerator] emitting instruction type: struct fl::mvir::CallInst
[DEBUG LLVMIRGenerator] emitting instruction type: struct fl::mvir::DropInst
[INSTRUMENT] TypeContext Destroyed
[INSTRUMENT] SourceManager Destroyed
