=== EXIT CODE ===
0
=== STDOUT ===
[DEBUG] Parser parsed array size with semicolon, size ptr is 000002BB0274DA50
[DEBUG resolvePath] Resolving path starting with 'arr'
[DEBUG resolvePath] resolve('arr') returned 1 syms. First id=19
[DEBUG resolvePath] Resolving path starting with 'ptr'
[DEBUG resolvePath] resolve('ptr') returned 1 syms. First id=20
[DEBUG resolvePath] Resolving path starting with 'ptr2'
[DEBUG resolvePath] resolve('ptr2') returned 1 syms. First id=21
[DEBUG resolvePath] Resolving path starting with 'ptr'
[DEBUG resolvePath] resolve('ptr') returned 1 syms. First id=20
[DEBUG resolvePath] Resolving path starting with 'diff'
[DEBUG resolvePath] resolve('diff') returned 1 syms. First id=22
[DEBUG] ConstEvaluator evaluating expr of type: class fl::LiteralExpr
[DEBUG] ConstEvaluator LiteralExpr kind: 0
Solving constraint: int_32 == int_32
Solving constraint: int_32 == int_32
Solving constraint: [int_32; 3] == [int_32; 3]
Solving constraint: ?T0 == &' [int_32; 3]
Solving constraint: int_32 == int_32
[COMPTIME ERROR] IdentifierExpr without env or empty segments
[COMPTIME ERROR] BinaryExpr left operand failed.
[COMPTIME ERROR] IdentifierExpr without env or empty segments
[COMPTIME ERROR] IdentifierExpr without env or empty segments
[COMPTIME ERROR] BinaryExpr left operand failed.
[DEBUG Semantic] Analyzing function: @main
; ModuleID = 'D:\fdlang\tests\valid\pointer_arithmetic.ms'
source_filename = "D:\\fdlang\\tests\\valid\\pointer_arithmetic.ms"

define i32 @main() {
entry0:
  %"0" = alloca [3 x i32], align 4
  %"1" = alloca [3 x i32], align 4
  %"2" = alloca i32, align 4
  %"3" = alloca i32, align 4
  %"4" = alloca i32, align 4
  %"6" = alloca ptr, align 8
  %"9" = alloca ptr, align 8
  %"12" = alloca i64, align 8
  store i32 0, ptr %"2", align 4
  %idx = load i32, ptr %"2", align 4
  %elem = getelementptr [3 x i32], ptr %"1", i32 0, i32 %idx
  store i32 10, ptr %elem, align 4
  store i32 1, ptr %"3", align 4
  %idx1 = load i32, ptr %"3", align 4
  %elem2 = getelementptr [3 x i32], ptr %"1", i32 0, i32 %idx1
  store i32 20, ptr %elem2, align 4
  store i32 2, ptr %"4", align 4
  %idx3 = load i32, ptr %"4", align 4
  %elem4 = getelementptr [3 x i32], ptr %"1", i32 0, i32 %idx3
  store i32 30, ptr %elem4, align 4
  %"5" = load [3 x i32], ptr %"1", align 4
  store [3 x i32] %"5", ptr %"0", align 4
  store ptr %"0", ptr %"6", align 8
  %"10" = load ptr, ptr %"6", align 8
  %"11" = getelementptr i32, ptr %"10", i32 2
  store ptr %"11", ptr %"9", align 8
  %"13" = load ptr, ptr %"9", align 8
  %"14" = load ptr, ptr %"6", align 8
  %0 = ptrtoint ptr %"13" to i64
  %1 = ptrtoint ptr %"14" to i64
  %2 = sub i64 %0, %1
  %"15" = sdiv exact i64 %2, 4
  store i64 %"15", ptr %"12", align 4
  %"16" = load i64, ptr %"12", align 4
  %"17" = trunc i64 %"16" to i32
  ret i32 %"17"
}

define linkonce i1 @mellis_coro_is_done(ptr %0) {
entry:
  %1 = call i1 @llvm.coro.done(ptr %0)
  ret i1 %1
}

; Function Attrs: nounwind memory(argmem: readwrite)
declare i1 @llvm.coro.done(ptr nocapture readonly) #0

define linkonce void @mellis_coro_resume(ptr %0) {
entry:
  call void @llvm.coro.resume(ptr %0)
  ret void
}

declare void @llvm.coro.resume(ptr)

attributes #0 = { nounwind memory(argmem: readwrite) }

=== FORCE DUMP LLVM IR ===
=== STDERR ===
[DEBUG SymbolTable] declareSymbol id=0 name='uint_4' kind=12 scope=0
[DEBUG SymbolTable] declareSymbol id=1 name='uint_8' kind=12 scope=0
[DEBUG SymbolTable] declareSymbol id=2 name='uint_16' kind=12 scope=0
[DEBUG SymbolTable] declareSymbol id=3 name='uint_32' kind=12 scope=0
[DEBUG SymbolTable] declareSymbol id=4 name='uint_64' kind=12 scope=0
[DEBUG SymbolTable] declareSymbol id=5 name='uint_128' kind=12 scope=0
[DEBUG SymbolTable] declareSymbol id=6 name='int_4' kind=12 scope=0
[DEBUG SymbolTable] declareSymbol id=7 name='int_8' kind=12 scope=0
[DEBUG SymbolTable] declareSymbol id=8 name='int_16' kind=12 scope=0
[DEBUG SymbolTable] declareSymbol id=9 name='int_32' kind=12 scope=0
[DEBUG SymbolTable] declareSymbol id=10 name='int_64' kind=12 scope=0
[DEBUG SymbolTable] declareSymbol id=11 name='int_128' kind=12 scope=0
[DEBUG SymbolTable] declareSymbol id=12 name='float_32' kind=12 scope=0
[DEBUG SymbolTable] declareSymbol id=13 name='float_64' kind=12 scope=0
[DEBUG SymbolTable] declareSymbol id=14 name='bool' kind=12 scope=0
[DEBUG SymbolTable] declareSymbol id=15 name='char' kind=12 scope=0
[DEBUG SymbolTable] declareSymbol id=16 name='str' kind=12 scope=0
[INSTRUMENT] TypeContext Created
[DEBUG] MacroResolver visiting VarDeclNode
[DEBUG] MacroResolver visiting VarDeclNode
[DEBUG SymbolTable] declareSymbol id=17 name='void' kind=12 scope=0
[DEBUG SymbolTable] declareSymbol id=18 name='main' kind=4 scope=0
[DEBUG] Resolver::resolve: Running pass2.
[DEBUG] Resolving function: main
[DEBUG Resolver NamedTypeNode] Resolved path length for segment[0] 'int_32': i=1, currentSym=9
[DEBUG SymbolTable] declareSymbol id=19 name='arr' kind=0 scope=2
[DEBUG Resolver NamedTypeNode] Resolved path length for segment[0] 'int_32': i=1, currentSym=9
[DEBUG SymbolTable] declareSymbol id=20 name='ptr' kind=0 scope=2
[DEBUG] Resolving identifier: arr
[DEBUG] Finished resolvePath for arr
[DEBUG Resolver NamedTypeNode] Resolved path length for segment[0] 'int_32': i=1, currentSym=9
[DEBUG SymbolTable] declareSymbol id=21 name='ptr2' kind=0 scope=3
[DEBUG] Resolving identifier: ptr
[DEBUG] Finished resolvePath for ptr
[DEBUG SymbolTable] declareSymbol id=22 name='diff' kind=0 scope=3
[DEBUG] Resolving identifier: ptr2
[DEBUG] Finished resolvePath for ptr2
[DEBUG] Resolving identifier: ptr
[DEBUG] Finished resolvePath for ptr
[DEBUG] Resolving identifier: diff
[DEBUG] Finished resolvePath for diff
[DEBUG Resolver NamedTypeNode] Resolved path length for segment[0] 'int_32': i=1, currentSym=9
[DEBUG] Resolver finished!
[DEBUG] Creating TypeChecker...
[DEBUG] Creating MonomorphizationEngine...
[DEBUG] Attaching MLibMetadataCache...
[DEBUG] Calling TypeChecker::check...
[DEBUG] injectedGenerics size=0
[DEBUG] TypePrePass visiting ProgramNode with 1 items
[DEBUG] item kind: class fl::FunctionDeclNode
[DEBUG] TypePrePass::visit(FunctionDeclNode) name='main' symbolId=18
[DEBUG] evaluateTypeNode called on class fl::NamedTypeNode
[DEBUG] NamedTypeNode segment[0]: 'int_32' symbolId=9
[DEBUG] Starting ConstraintGenerator
[DEBUG] CG visiting ProgramNode
[DEBUG] CG visiting item: class fl::FunctionDeclNode
[DEBUG] evaluateTypeNode called on class fl::ArrayTypeNode
[DEBUG] evaluateTypeNode called on class fl::NamedTypeNode
[DEBUG] NamedTypeNode segment[0]: 'int_32' symbolId=9
[DEBUG] ConstraintGen::visit(IdentifierPatternNode) symId=19 expectedType=000002BB027585A0
[DEBUG] ConstraintGen::visit(IdentifierExpr) symId=4294967295 overloads=1
[DEBUG] ConstraintGen::visit(IdentifierExpr) overload[0]=19 name=arr tableSize=23
[DEBUG] ConstraintGen::visit(IdentifierExpr) baseType ptr=000002BB027585A0 kind=6
[DEBUG] ConstraintGen::visit(IdentifierExpr) cast1
[DEBUG] ConstraintGen::visit(IdentifierExpr) before if (enumTy)
[DEBUG] ConstraintGen::visit(IdentifierExpr) inside else
[DEBUG] ConstraintGen::visit(IdentifierExpr) got sym
[DEBUG] ConstraintGen::visit(IdentifierExpr) assigning inferredType
[DEBUG] ConstraintGen::visit(IdentifierExpr) FINISHED for symId=4294967295
[DEBUG] evaluateTypeNode called on class fl::PointerTypeNode
[DEBUG] evaluateTypeNode called on class fl::NamedTypeNode
[DEBUG] NamedTypeNode segment[0]: 'int_32' symbolId=9
[DEBUG] ConstraintGen::visit(IdentifierPatternNode) symId=20 expectedType=000002BB02758740
[DEBUG] ConstraintGen::visit(IdentifierExpr) symId=4294967295 overloads=1
[DEBUG] ConstraintGen::visit(IdentifierExpr) overload[0]=20 name=ptr tableSize=23
[DEBUG] ConstraintGen::visit(IdentifierExpr) baseType ptr=000002BB02758740 kind=4
[DEBUG] ConstraintGen::visit(IdentifierExpr) cast1
[DEBUG] ConstraintGen::visit(IdentifierExpr) before if (enumTy)
[DEBUG] ConstraintGen::visit(IdentifierExpr) inside else
[DEBUG] ConstraintGen::visit(IdentifierExpr) got sym
[DEBUG] ConstraintGen::visit(IdentifierExpr) assigning inferredType
[DEBUG] ConstraintGen::visit(IdentifierExpr) FINISHED for symId=4294967295
[DEBUG] ConstraintGen::visit(IdentifierPatternNode) symId=21 expectedType=000002BB02798EF0
[DEBUG] ConstraintGen::visit(IdentifierExpr) symId=4294967295 overloads=1
[DEBUG] ConstraintGen::visit(IdentifierExpr) overload[0]=21 name=ptr2 tableSize=23
[DEBUG] ConstraintGen::visit(IdentifierExpr) baseType ptr=000002BB02798EF0 kind=14
[DEBUG] ConstraintGen::visit(IdentifierExpr) cast1
[DEBUG] ConstraintGen::visit(IdentifierExpr) before if (enumTy)
[DEBUG] ConstraintGen::visit(IdentifierExpr) inside else
[DEBUG] ConstraintGen::visit(IdentifierExpr) got sym
[DEBUG] ConstraintGen::visit(IdentifierExpr) assigning inferredType
[DEBUG] ConstraintGen::visit(IdentifierExpr) FINISHED for symId=4294967295
[DEBUG] ConstraintGen::visit(IdentifierExpr) symId=4294967295 overloads=1
[DEBUG] ConstraintGen::visit(IdentifierExpr) overload[0]=20 name=ptr tableSize=23
[DEBUG] ConstraintGen::visit(IdentifierExpr) baseType ptr=000002BB02758740 kind=4
[DEBUG] ConstraintGen::visit(IdentifierExpr) cast1
[DEBUG] ConstraintGen::visit(IdentifierExpr) before if (enumTy)
[DEBUG] ConstraintGen::visit(IdentifierExpr) inside else
[DEBUG] ConstraintGen::visit(IdentifierExpr) got sym
[DEBUG] ConstraintGen::visit(IdentifierExpr) assigning inferredType
[DEBUG] ConstraintGen::visit(IdentifierExpr) FINISHED for symId=4294967295
[DEBUG] ConstraintGen::visit(IdentifierPatternNode) symId=22 expectedType=000002BB02798F30
[DEBUG] ConstraintGen::visit(IdentifierExpr) symId=4294967295 overloads=1
[DEBUG] ConstraintGen::visit(IdentifierExpr) overload[0]=22 name=diff tableSize=23
[DEBUG] ConstraintGen::visit(IdentifierExpr) baseType ptr=000002BB02798F30 kind=14
[DEBUG] ConstraintGen::visit(IdentifierExpr) cast1
[DEBUG] ConstraintGen::visit(IdentifierExpr) before if (enumTy)
[DEBUG] ConstraintGen::visit(IdentifierExpr) inside else
[DEBUG] ConstraintGen::visit(IdentifierExpr) got sym
[DEBUG] ConstraintGen::visit(IdentifierExpr) assigning inferredType
[DEBUG] ConstraintGen::visit(IdentifierExpr) FINISHED for symId=4294967295
[DEBUG] evaluateTypeNode called on class fl::NamedTypeNode
[DEBUG] NamedTypeNode segment[0]: 'int_32' symbolId=9
[DEBUG] Starting UnificationEngine
[DEBUG] Starting TypeResolver
[DEBUG] CG visiting ProgramNode
[DEBUG] CG visiting item: class fl::FunctionDeclNode
[PHASE] TypeChecker done, tcOk=1
[PHASE] Injecting specialized ASTs...
[PHASE] Specialized ASTs injected
[PHASE] ComptimeEval done, ok=1
[PHASE] MatchAnalyzer done, ok=1
[PHASE] MVIRGenerator starting
[DEBUG MVIRGenerator] visiting item[0] typeid=class fl::FunctionDeclNode
[DEBUG] VarDeclNode type kind: 6
[DEBUG pushLocalInst] Inserting LocalInst for %0 into entry block entry0
[DEBUG pushLocalInst] Inserting LocalInst for %1 into entry block entry0
[DEBUG pushLocalInst] Inserting LocalInst for %2 into entry block entry0
[DEBUG pushLocalInst] Inserting LocalInst for %3 into entry block entry0
[DEBUG pushLocalInst] Inserting LocalInst for %4 into entry block entry0
[DEBUG] VarDeclNode type kind: 4
[DEBUG pushLocalInst] Inserting LocalInst for %6 into entry block entry0
[DEBUG] VarDeclNode type kind: 4
[DEBUG pushLocalInst] Inserting LocalInst for %9 into entry block entry0
[DEBUG] VarDeclNode type kind: 0
[DEBUG pushLocalInst] Inserting LocalInst for %12 into entry block entry0
[DEBUG] MVIRGenerator: visiting ReturnStmtNode for function @main
[DEBUG] MVIRGenerator: returning operand %17
[DEBUG MVIRGenerator] done item[0]
[PHASE] MVIRGenerator done
[DEBUG MoveAnalyzer] %1 is marked MOVED in StoreInst!
[DEBUG MoveAnalyzer] %1 is marked MOVED in StoreInst!
[DEBUG MoveAnalyzer] %1 is marked MOVED in StoreInst!
[DEBUG LLVMIRGenerator] emitting instruction type: struct fl::mvir::LocalInst
[DEBUG LLVMIRGenerator] emitting instruction type: struct fl::mvir::LocalInst
[DEBUG LLVMIRGenerator] emitting instruction type: struct fl::mvir::LocalInst
[DEBUG LLVMIRGenerator] emitting instruction type: struct fl::mvir::LocalInst
[DEBUG LLVMIRGenerator] emitting instruction type: struct fl::mvir::LocalInst
[DEBUG LLVMIRGenerator] emitting instruction type: struct fl::mvir::LocalInst
[DEBUG LLVMIRGenerator] emitting instruction type: struct fl::mvir::LocalInst
[DEBUG LLVMIRGenerator] emitting instruction type: struct fl::mvir::LocalInst
[DEBUG LLVMIRGenerator] emitting instruction type: struct fl::mvir::StoreInst
[DEBUG LLVMIRGenerator] emitting instruction type: struct fl::mvir::StoreInst
[DEBUG LLVMIRGenerator] emitting instruction type: struct fl::mvir::StoreInst
[DEBUG LLVMIRGenerator] emitting instruction type: struct fl::mvir::StoreInst
[DEBUG LLVMIRGenerator] emitting instruction type: struct fl::mvir::StoreInst
[DEBUG LLVMIRGenerator] emitting instruction type: struct fl::mvir::StoreInst
[DEBUG LLVMIRGenerator] emitting instruction type: struct fl::mvir::LoadInst
[DEBUG] Added LoadInst dest to localValues: %5 (type: 17)
[DEBUG LLVMIRGenerator] emitting instruction type: struct fl::mvir::StoreInst
[DEBUG LLVMIRGenerator] emitting instruction type: struct fl::mvir::BorrowInst
[DEBUG LLVMIRGenerator] emitting instruction type: struct fl::mvir::CastInst
[DEBUG LLVMIRGenerator] emitting instruction type: struct fl::mvir::StoreInst
[DEBUG LLVMIRGenerator] emitting instruction type: struct fl::mvir::LoadInst
[DEBUG] Added LoadInst dest to localValues: %10 (type: 15)
[DEBUG LLVMIRGenerator] emitting instruction type: struct fl::mvir::PtrOffsetInst
[DEBUG LLVMIRGenerator] emitting instruction type: struct fl::mvir::StoreInst
[DEBUG LLVMIRGenerator] emitting instruction type: struct fl::mvir::LoadInst
[DEBUG] Added LoadInst dest to localValues: %13 (type: 15)
[DEBUG LLVMIRGenerator] emitting instruction type: struct fl::mvir::LoadInst
[DEBUG] Added LoadInst dest to localValues: %14 (type: 15)
[DEBUG LLVMIRGenerator] emitting instruction type: struct fl::mvir::PtrDiffInst
[DEBUG LLVMIRGenerator] emitting instruction type: struct fl::mvir::StoreInst
[DEBUG LLVMIRGenerator] emitting instruction type: struct fl::mvir::LoadInst
[DEBUG] Added LoadInst dest to localValues: %16 (type: 13)
[DEBUG LLVMIRGenerator] emitting instruction type: struct fl::mvir::CastInst
[INSTRUMENT] TypeContext Destroyed
[INSTRUMENT] SourceManager Destroyed
