=== EXIT CODE ===
0
=== STDOUT ===
[DEBUG resolvePath] Resolving path starting with 'Counter'
[DEBUG resolvePath] resolve('Counter') returned 1 syms. First id=18
[DEBUG resolvePath] Resolving path starting with 'self'
[DEBUG resolvePath] resolve('self') returned 1 syms. First id=24
[DEBUG resolvePath] Resolving path starting with 'self'
[DEBUG resolvePath] resolve('self') returned 1 syms. First id=24
[DEBUG resolvePath] Resolving path starting with 'self'
[DEBUG resolvePath] resolve('self') returned 1 syms. First id=27
[DEBUG resolvePath] Resolving path starting with 'Counter'
[DEBUG resolvePath] resolve('Counter') returned 1 syms. First id=18
[DEBUG resolvePath] Resolving path starting with 'c'
[DEBUG resolvePath] resolve('c') returned 1 syms. First id=29
[DEBUG resolvePath] Resolving path starting with 'c'
[DEBUG resolvePath] resolve('c') returned 1 syms. First id=29
Solving constraint: int_32 == int_32
Solving constraint: Struct<18> == Struct<18>
Solving constraint: ?T0 == ?T2
Solving constraint: int_32 == ?T3
Solving constraint: int_32 == int_32
Solving constraint: int_32 == ?T5
[DEBUG Semantic] Analyzing function: @new_21
[DEBUG Semantic] Analyzing function: @inc_22
[DEBUG Semantic] Analyzing function: @get_25
[DEBUG Semantic] Analyzing function: @main
; ModuleID = 'D:\fdlang\tests\valid\ref_self_sugar.ms'
source_filename = "D:\\fdlang\\tests\\valid\\ref_self_sugar.ms"

%Counter = type { i32 }

define %Counter @new_21() {
entry0:
  %"0" = alloca %Counter, align 8
  %fld = getelementptr inbounds %Counter, ptr %"0", i32 0, i32 0
  store i32 0, ptr %fld, align 4
  %"1" = load %Counter, ptr %"0", align 4
  ret %Counter %"1"
}

define void @inc_22(ptr %"0") {
entry0:
  %"1" = alloca ptr, align 8
  store ptr %"0", ptr %"1", align 8
  %"2" = load ptr, ptr %"1", align 8
  %fld = getelementptr inbounds %Counter, ptr %"2", i32 0, i32 0
  %"3" = load i32, ptr %fld, align 4
  %"4" = add i32 %"3", 1
  %"5" = load ptr, ptr %"1", align 8
  %fld1 = getelementptr inbounds %Counter, ptr %"5", i32 0, i32 0
  store i32 %"4", ptr %fld1, align 4
  ret void
}

define i32 @get_25(ptr %"0") {
entry0:
  %"1" = alloca ptr, align 8
  store ptr %"0", ptr %"1", align 8
  %"2" = load ptr, ptr %"1", align 8
  %fld = getelementptr inbounds %Counter, ptr %"2", i32 0, i32 0
  %"3" = load i32, ptr %fld, align 4
  ret i32 %"3"
}

define i32 @main() {
entry0:
  %"0" = alloca %Counter, align 8
  %"1" = alloca %Counter, align 8
  %fld = getelementptr inbounds %Counter, ptr %"1", i32 0, i32 0
  store i32 0, ptr %fld, align 4
  %"2" = load %Counter, ptr %"1", align 4
  store %Counter %"2", ptr %"0", align 4
  call void @inc_22(ptr %"0")
  %"6" = call i32 @get_25(ptr %"0")
  ret i32 %"6"
}

define linkonce i1 @mellis_coro_is_done(ptr %0) {
entry:
  %1 = call i1 @llvm.coro.done(ptr %0)
  ret i1 %1
}

; Function Attrs: nounwind memory(argmem: readwrite)
declare i1 @llvm.coro.done(ptr nocapture readonly) #0

define linkonce void @mellis_coro_resume(ptr %0) {
entry:
  call void @llvm.coro.resume(ptr %0)
  ret void
}

declare void @llvm.coro.resume(ptr)

attributes #0 = { nounwind memory(argmem: readwrite) }

=== FORCE DUMP LLVM IR ===
=== STDERR ===
[DEBUG SymbolTable] declareSymbol id=0 name='uint_4' kind=12 scope=0
[DEBUG SymbolTable] declareSymbol id=1 name='uint_8' kind=12 scope=0
[DEBUG SymbolTable] declareSymbol id=2 name='uint_16' kind=12 scope=0
[DEBUG SymbolTable] declareSymbol id=3 name='uint_32' kind=12 scope=0
[DEBUG SymbolTable] declareSymbol id=4 name='uint_64' kind=12 scope=0
[DEBUG SymbolTable] declareSymbol id=5 name='uint_128' kind=12 scope=0
[DEBUG SymbolTable] declareSymbol id=6 name='int_4' kind=12 scope=0
[DEBUG SymbolTable] declareSymbol id=7 name='int_8' kind=12 scope=0
[DEBUG SymbolTable] declareSymbol id=8 name='int_16' kind=12 scope=0
[DEBUG SymbolTable] declareSymbol id=9 name='int_32' kind=12 scope=0
[DEBUG SymbolTable] declareSymbol id=10 name='int_64' kind=12 scope=0
[DEBUG SymbolTable] declareSymbol id=11 name='int_128' kind=12 scope=0
[DEBUG SymbolTable] declareSymbol id=12 name='float_32' kind=12 scope=0
[DEBUG SymbolTable] declareSymbol id=13 name='float_64' kind=12 scope=0
[DEBUG SymbolTable] declareSymbol id=14 name='bool' kind=12 scope=0
[DEBUG SymbolTable] declareSymbol id=15 name='char' kind=12 scope=0
[DEBUG SymbolTable] declareSymbol id=16 name='str' kind=12 scope=0
[INSTRUMENT] TypeContext Created
[DEBUG] MacroResolver visiting VarDeclNode
[DEBUG SymbolTable] declareSymbol id=17 name='void' kind=12 scope=0
[DEBUG] Resolver::visit(StructDeclNode) name='Counter' symbolId=4294967295 this=0000024EF169C9F0 line=1
[DEBUG SymbolTable] declareSymbol id=18 name='Counter' kind=5 scope=0
[DEBUG SymbolTable] declareSymbol id=19 name='val' kind=8 scope=1
[DEBUG SymbolTable] declareSymbol id=20 name='Self' kind=12 scope=2
[DEBUG SymbolTable] declareSymbol id=21 name='new' kind=4 scope=2
[DEBUG SymbolTable] declareSymbol id=22 name='inc' kind=4 scope=2
[DEBUG SymbolTable] declareSymbol id=23 name=''_1' kind=13 scope=4
[DEBUG SymbolTable] declareSymbol id=24 name='self' kind=3 scope=4
[DEBUG SymbolTable] declareSymbol id=25 name='get' kind=4 scope=2
[DEBUG SymbolTable] declareSymbol id=26 name=''_1' kind=13 scope=5
[DEBUG SymbolTable] declareSymbol id=27 name='self' kind=3 scope=5
[DEBUG SymbolTable] declareSymbol id=28 name='main' kind=4 scope=0
[DEBUG] Resolver::resolve: Running pass2.
[DEBUG Resolver NamedTypeNode] Resolved path length for segment[0] 'int_32': i=1, currentSym=9
[DEBUG Resolver NamedTypeNode] Resolved path length for segment[0] 'Counter': i=1, currentSym=18
[DEBUG] Resolving function: new
[DEBUG Resolver NamedTypeNode] Resolved path length for segment[0] 'Self': i=1, currentSym=20
[DEBUG] Resolving function: inc
[DEBUG Resolver NamedTypeNode] Resolved path length for segment[0] 'Self': i=1, currentSym=20
[DEBUG] Resolving identifier: self
[DEBUG] Finished resolvePath for self
[DEBUG] Resolving identifier: self
[DEBUG] Finished resolvePath for self
[DEBUG] Resolving function: get
[DEBUG Resolver NamedTypeNode] Resolved path length for segment[0] 'int_32': i=1, currentSym=9
[DEBUG Resolver NamedTypeNode] Resolved path length for segment[0] 'Self': i=1, currentSym=20
[DEBUG] Resolving identifier: self
[DEBUG] Finished resolvePath for self
[DEBUG] Resolving function: main
[DEBUG Resolver NamedTypeNode] Resolved path length for segment[0] 'int_32': i=1, currentSym=9
[DEBUG SymbolTable] declareSymbol id=29 name='c' kind=0 scope=10
[DEBUG] Resolving identifier: c
[DEBUG] Finished resolvePath for c
[DEBUG] Resolver: resolvePath for 'c' returned 1 ids.
[DEBUG] Resolver: id=29
[DEBUG] Resolver: finalIds size for 'c' is 1
[DEBUG] Resolving identifier: c
[DEBUG] Finished resolvePath for c
[DEBUG] Resolver: resolvePath for 'c' returned 1 ids.
[DEBUG] Resolver: id=29
[DEBUG] Resolver: finalIds size for 'c' is 1
[DEBUG] Resolver finished!
[DEBUG] Creating TypeChecker...
[DEBUG] Creating MonomorphizationEngine...
[DEBUG] Attaching MLibMetadataCache...
[DEBUG] Calling TypeChecker::check...
[DEBUG] injectedGenerics size=0
[DEBUG] TypePrePass visiting ProgramNode with 3 items
[DEBUG] item kind: class fl::StructDeclNode
[DEBUG] TypePrePass::visit(StructDeclNode) name='Counter' symbolId=18 bodyScopeId=1
[DEBUG]   field='val' bodyScopeId=1 optId.empty()=0 symbolId=19
[DEBUG] evaluateTypeNode called on class fl::NamedTypeNode
[DEBUG] NamedTypeNode segment[0]: 'int_32' symbolId=9
[DEBUG]     evaluated type: int_32
[DEBUG] item kind: class fl::ImplDeclNode
[DEBUG] visit(ImplDeclNode) genericParams size: 0
[DEBUG] evaluateTypeNode called on class fl::NamedTypeNode
[DEBUG] NamedTypeNode segment[0]: 'Counter' symbolId=18
[DEBUG] ImplDeclNode evaluating selfType: 1
[DEBUG] ImplDeclNode Self symbolId=20 selfType=1
[DEBUG] TypePrePass::visit(FunctionDeclNode) name='new' symbolId=21
[DEBUG] evaluateTypeNode called on class fl::NamedTypeNode
[DEBUG] NamedTypeNode segment[0]: 'Self' symbolId=20
[DEBUG] TypePrePass::visit(FunctionDeclNode) name='inc' symbolId=22
[DEBUG] evaluateTypeNode called on class fl::ReferenceTypeNode
[DEBUG] evaluateTypeNode called on class fl::NamedTypeNode
[DEBUG] NamedTypeNode segment[0]: 'Self' symbolId=20
[DEBUG self] Evaluated param->type for self -> 5
[DEBUG] Processing generic param: '_1 with 0 bounds
[DEBUG] TypePrePass::visit(FunctionDeclNode) name='get' symbolId=25
[DEBUG] evaluateTypeNode called on class fl::ReferenceTypeNode
[DEBUG] evaluateTypeNode called on class fl::NamedTypeNode
[DEBUG] NamedTypeNode segment[0]: 'Self' symbolId=20
[DEBUG self] Evaluated param->type for self -> 5
[DEBUG] evaluateTypeNode called on class fl::NamedTypeNode
[DEBUG] NamedTypeNode segment[0]: 'int_32' symbolId=9
[DEBUG] Processing generic param: '_1 with 0 bounds
[DEBUG] addInherentMethod: new methodId=21
[DEBUG] addInherentMethod: inc methodId=22
[DEBUG] addInherentMethod: get methodId=25
[DEBUG] item kind: class fl::FunctionDeclNode
[DEBUG] TypePrePass::visit(FunctionDeclNode) name='main' symbolId=28
[DEBUG] evaluateTypeNode called on class fl::NamedTypeNode
[DEBUG] NamedTypeNode segment[0]: 'int_32' symbolId=9
[DEBUG] Starting ConstraintGenerator
[DEBUG] CG visiting ProgramNode
[DEBUG] CG visiting item: class fl::StructDeclNode
[DEBUG] CG visiting item: class fl::ImplDeclNode
[DEBUG] StructInitExpr sym kind=5 name=Counter
[DEBUG] ConstraintGen::visit(IdentifierExpr) symId=4294967295 overloads=1
[DEBUG] ConstraintGen::visit(IdentifierExpr) overload[0]=24 name=self tableSize=30
[DEBUG] ConstraintGen::visit(IdentifierExpr) baseType ptr=0000024EF16C2DB0 kind=5
[DEBUG] ConstraintGen::visit(IdentifierExpr) cast1
[DEBUG] ConstraintGen::visit(IdentifierExpr) before if (enumTy)
[DEBUG] ConstraintGen::visit(IdentifierExpr) inside else
[DEBUG] ConstraintGen::visit(IdentifierExpr) got sym
[DEBUG] ConstraintGen::visit(IdentifierExpr) assigning inferredType
[DEBUG] ConstraintGen::visit(IdentifierExpr) FINISHED for symId=4294967295
[DEBUG] ConstraintGen::visit(IdentifierExpr) symId=4294967295 overloads=1
[DEBUG] ConstraintGen::visit(IdentifierExpr) overload[0]=24 name=self tableSize=30
[DEBUG] ConstraintGen::visit(IdentifierExpr) baseType ptr=0000024EF16C2DB0 kind=5
[DEBUG] ConstraintGen::visit(IdentifierExpr) cast1
[DEBUG] ConstraintGen::visit(IdentifierExpr) before if (enumTy)
[DEBUG] ConstraintGen::visit(IdentifierExpr) inside else
[DEBUG] ConstraintGen::visit(IdentifierExpr) got sym
[DEBUG] ConstraintGen::visit(IdentifierExpr) assigning inferredType
[DEBUG] ConstraintGen::visit(IdentifierExpr) FINISHED for symId=4294967295
[DEBUG] ConstraintGen::visit(IdentifierExpr) symId=4294967295 overloads=1
[DEBUG] ConstraintGen::visit(IdentifierExpr) overload[0]=27 name=self tableSize=30
[DEBUG] ConstraintGen::visit(IdentifierExpr) baseType ptr=0000024EF16C3990 kind=5
[DEBUG] ConstraintGen::visit(IdentifierExpr) cast1
[DEBUG] ConstraintGen::visit(IdentifierExpr) before if (enumTy)
[DEBUG] ConstraintGen::visit(IdentifierExpr) inside else
[DEBUG] ConstraintGen::visit(IdentifierExpr) got sym
[DEBUG] ConstraintGen::visit(IdentifierExpr) assigning inferredType
[DEBUG] ConstraintGen::visit(IdentifierExpr) FINISHED for symId=4294967295
[DEBUG] CG visiting item: class fl::FunctionDeclNode
[DEBUG] StructInitExpr sym kind=5 name=Counter
[DEBUG] ConstraintGen::visit(IdentifierPatternNode) symId=29 expectedType=0000024EF16D5E70
[DEBUG] ConstraintGen::visit(IdentifierExpr) symId=4294967295 overloads=1
[DEBUG] ConstraintGen::visit(IdentifierExpr) overload[0]=29 name=c tableSize=30
[DEBUG] ConstraintGen::visit(IdentifierExpr) baseType ptr=0000024EF16D5E70 kind=1
[DEBUG] ConstraintGen::visit(IdentifierExpr) cast1
[DEBUG] ConstraintGen::visit(IdentifierExpr) before if (enumTy)
[DEBUG] ConstraintGen::visit(IdentifierExpr) inside else
[DEBUG] ConstraintGen::visit(IdentifierExpr) got sym
[DEBUG] ConstraintGen::visit(IdentifierExpr) assigning inferredType
[DEBUG] ConstraintGen::visit(IdentifierExpr) FINISHED for symId=4294967295
[DEBUG] ConstraintGen::visit(IdentifierExpr) symId=4294967295 overloads=1
[DEBUG] ConstraintGen::visit(IdentifierExpr) overload[0]=29 name=c tableSize=30
[DEBUG] ConstraintGen::visit(IdentifierExpr) baseType ptr=0000024EF16D5E70 kind=1
[DEBUG] ConstraintGen::visit(IdentifierExpr) cast1
[DEBUG] ConstraintGen::visit(IdentifierExpr) before if (enumTy)
[DEBUG] ConstraintGen::visit(IdentifierExpr) inside else
[DEBUG] ConstraintGen::visit(IdentifierExpr) got sym
[DEBUG] ConstraintGen::visit(IdentifierExpr) assigning inferredType
[DEBUG] ConstraintGen::visit(IdentifierExpr) FINISHED for symId=4294967295
[DEBUG] Starting UnificationEngine
[DEBUG Field] Found StructType symbol=18 name=Counter
[DEBUG Field] Checking struct field: val
[DEBUG Field] Solved field constraint!
[DEBUG Field] Found StructType symbol=18 name=Counter
[DEBUG Field] Checking struct field: val
[DEBUG Field] Solved field constraint!
[DEBUG Field] Found StructType symbol=18 name=Counter
[DEBUG Field] Checking struct field: val
[DEBUG Field] Solved field constraint!
[DEBUG MethodResolver] Probing method 'inc' for receiverType: Struct<18>
[DEBUG TraitSolver] Solving goal: kind=2 self=Struct<18> traitId=4294967295
[DEBUG MethodCall] unifying expectedFnType: fn(&' mut Struct<18>) -> ?T4 with mInfo.type: fn(self: &' mut Struct<18>) -> void
[DEBUG MethodResolver] Probing method 'get' for receiverType: Struct<18>
[DEBUG TraitSolver] Solving goal: kind=2 self=Struct<18> traitId=4294967295
[DEBUG MethodCall] unifying expectedFnType: fn(&' Struct<18>) -> ?T5 with mInfo.type: fn(self: &' Struct<18>) -> int_32
[DEBUG] Starting TypeResolver
[DEBUG] CG visiting ProgramNode
[DEBUG] CG visiting item: class fl::StructDeclNode
[DEBUG] CG visiting item: class fl::ImplDeclNode
[DEBUG] CG visiting item: class fl::FunctionDeclNode
[DEBUG MethodResolver] Probing method 'inc' for receiverType: Struct<18>
[DEBUG TraitSolver] Solving goal: kind=2 self=Struct<18> traitId=4294967295
[DEBUG MethodResolver] Probing method 'get' for receiverType: Struct<18>
[DEBUG TraitSolver] Solving goal: kind=2 self=Struct<18> traitId=4294967295
[PHASE] TypeChecker done, tcOk=1
[PHASE] Injecting specialized ASTs...
[PHASE] Specialized ASTs injected
[PHASE] ComptimeEval done, ok=1
[PHASE] MatchAnalyzer done, ok=1
[PHASE] MVIRGenerator starting
[DEBUG MVIRGenerator] visiting item[0] typeid=class fl::StructDeclNode
[DEBUG MVIRGenerator] done item[0]
[DEBUG MVIRGenerator] visiting item[1] typeid=class fl::ImplDeclNode
[DEBUG MVIRGenerator] visit ImplDeclNode with 3 methods, genericParams: 0
[DEBUG MVIRGenerator] calling method->accept for new
[DEBUG] MVIRGenerator: visiting ReturnStmtNode for function @new_21
[DEBUG pushLocalInst] Inserting LocalInst for %0 into entry block entry0
[DEBUG] MVIRGenerator: returning operand %1
[DEBUG MVIRGenerator] calling method->accept for inc
[DEBUG pushLocalInst] Inserting LocalInst for %1 into entry block entry0
[DEBUG MVIRGenerator] calling method->accept for get
[DEBUG pushLocalInst] Inserting LocalInst for %1 into entry block entry0
[DEBUG] MVIRGenerator: visiting ReturnStmtNode for function @get_25
[DEBUG] MVIRGenerator: returning operand %3
[DEBUG MVIRGenerator] done item[1]
[DEBUG MVIRGenerator] visiting item[2] typeid=class fl::FunctionDeclNode
[DEBUG] VarDeclNode type kind: 1
[DEBUG pushLocalInst] Inserting LocalInst for %0 into entry block entry0
[DEBUG pushLocalInst] Inserting LocalInst for %1 into entry block entry0
[DEBUG] MVIRGenerator: visiting ReturnStmtNode for function @main
[DEBUG] MVIRGenerator: returning operand %6
[DEBUG MVIRGenerator] done item[2]
[PHASE] MVIRGenerator done
[DEBUG MoveAnalyzer] %0 is marked MOVED in StoreInst!
[DEBUG MoveAnalyzer] %1 is marked MOVED in StoreInst!
[DEBUG MoveAnalyzer] %3 is marked MOVED in CallInst!
[DEBUG MoveAnalyzer] %5 is marked MOVED in CallInst!
[DEBUG MoveAnalyzer] %0 is marked MOVED in StoreInst!
[DEBUG MoveAnalyzer] %0 is marked MOVED in StoreInst!
[DEBUG MoveAnalyzer] %1 is marked MOVED in StoreInst!
[DEBUG MoveAnalyzer] %3 is marked MOVED in CallInst!
[DEBUG MoveAnalyzer] %5 is marked MOVED in CallInst!
[DEBUG MoveAnalyzer] %1 is marked MOVED in StoreInst!
[DEBUG MoveAnalyzer] %3 is marked MOVED in CallInst!
[DEBUG MoveAnalyzer] %5 is marked MOVED in CallInst!
[DEBUG LLVMIRGenerator] emitting instruction type: struct fl::mvir::LocalInst
[DEBUG LLVMIRGenerator] emitting instruction type: struct fl::mvir::StoreInst
[DEBUG LLVMIRGenerator] emitting instruction type: struct fl::mvir::LoadInst
[DEBUG] Added LoadInst dest to localValues: %1 (type: 16)
[DEBUG LLVMIRGenerator] emitting instruction type: struct fl::mvir::LocalInst
[DEBUG LLVMIRGenerator] emitting instruction type: struct fl::mvir::StoreInst
[DEBUG LLVMIRGenerator] emitting instruction type: struct fl::mvir::LoadInst
[DEBUG] Added LoadInst dest to localValues: %2 (type: 15)
[DEBUG LLVMIRGenerator] emitting instruction type: struct fl::mvir::LoadInst
[DEBUG] Added LoadInst dest to localValues: %3 (type: 13)
[DEBUG LLVMIRGenerator] emitting instruction type: struct fl::mvir::AluInst
[DEBUG LLVMIRGenerator] emitting instruction type: struct fl::mvir::LoadInst
[DEBUG] Added LoadInst dest to localValues: %5 (type: 15)
[DEBUG LLVMIRGenerator] emitting instruction type: struct fl::mvir::StoreInst
[DEBUG LLVMIRGenerator] emitting instruction type: struct fl::mvir::DropInst
[DEBUG LLVMIRGenerator] emitting instruction type: struct fl::mvir::LocalInst
[DEBUG LLVMIRGenerator] emitting instruction type: struct fl::mvir::StoreInst
[DEBUG LLVMIRGenerator] emitting instruction type: struct fl::mvir::LoadInst
[DEBUG] Added LoadInst dest to localValues: %2 (type: 15)
[DEBUG LLVMIRGenerator] emitting instruction type: struct fl::mvir::LoadInst
[DEBUG] Added LoadInst dest to localValues: %3 (type: 13)
[DEBUG LLVMIRGenerator] emitting instruction type: struct fl::mvir::LocalInst
[DEBUG LLVMIRGenerator] emitting instruction type: struct fl::mvir::LocalInst
[DEBUG LLVMIRGenerator] emitting instruction type: struct fl::mvir::StoreInst
[DEBUG LLVMIRGenerator] emitting instruction type: struct fl::mvir::LoadInst
[DEBUG] Added LoadInst dest to localValues: %2 (type: 16)
[DEBUG LLVMIRGenerator] emitting instruction type: struct fl::mvir::StoreInst
[DEBUG LLVMIRGenerator] emitting instruction type: struct fl::mvir::BorrowInst
[DEBUG LLVMIRGenerator] emitting instruction type: struct fl::mvir::CallInst
[DEBUG LLVMIRGenerator] emitting instruction type: struct fl::mvir::BorrowInst
[DEBUG LLVMIRGenerator] emitting instruction type: struct fl::mvir::CallInst
[INSTRUMENT] TypeContext Destroyed
[INSTRUMENT] SourceManager Destroyed
