DEBUG: resolve_collected_imports finished successfully
DEBUG loading package: core/panic
DEBUG: resolve_collected_imports finished successfully
DEBUG: resolve_collected_imports finished successfully
DEBUG loading package: __lang_option
DEBUG: resolve_collected_imports finished successfully
DEBUG: resolve_collected_imports finished successfully
DEBUG: resolve_collected_imports finished successfully
DEBUG loading package: core/panic
DEBUG loading package: __lang_option
DEBUG loading package: result
DEBUG loading package: core/panic
DEBUG loading package: __lang_option
DEBUG: resolve_collected_imports finished successfully
DEBUG: resolve_collected_imports finished successfully
DEBUG loading package: vec
DEBUG loading package: __alloc_global
DEBUG: resolve_collected_imports finished successfully
DEBUG loading package: slice
DEBUG loading package: __lang_option
DEBUG loading package: __lang_iterator
DEBUG loading package: ptr
DEBUG: resolve_collected_imports finished successfully
DEBUG loading package: mem
DEBUG loading package: ptr
DEBUG: resolve_collected_imports finished successfully
DEBUG loading package: cmp
DEBUG: resolve_collected_imports finished successfully
DEBUG loading package: clone
DEBUG: resolve_collected_imports finished successfully
DEBUG: resolve_collected_imports finished successfully
DEBUG loading package: ptr
DEBUG loading package: mem
DEBUG loading package: clone
DEBUG loading package: cmp
DEBUG loading package: default
DEBUG loading package: __lang_option
DEBUG: resolve_collected_imports finished successfully
DEBUG loading package: __lang_drop
DEBUG loading package: __lang_option
DEBUG loading package: __lang_iterator
DEBUG loading package: __lang_into_iterator
DEBUG: resolve_collected_imports finished successfully
DEBUG: resolve_collected_imports finished successfully
DEBUG: resolve_imports returning true
